Archive member included to satisfy reference by file (symbol)

/opt/homebrew/Cellar/avr-gcc@8/8.5.0_2/lib/avr-gcc/8/gcc/avr/8.5.0/avr5/libgcc.a(_exit.o)
                              /opt/homebrew/Cellar/avr-gcc@8/8.5.0_2/lib/avr-gcc/8/gcc/avr/8.5.0/../../../../../../avr/lib/avr5/crtatmega32u4.o (exit)
/opt/homebrew/Cellar/avr-gcc@8/8.5.0_2/lib/avr-gcc/8/gcc/avr/8.5.0/../../../../../../avr/lib/avr5/libc.a(strcpy_P.o)
                              .build/obj_qwertykeys_qk65_hotswap_cvan20191/quantum/process_keycode/process_autocorrect.o (symbol from plugin) (strcpy_P)
/opt/homebrew/Cellar/avr-gcc@8/8.5.0_2/lib/avr-gcc/8/gcc/avr/8.5.0/../../../../../../avr/lib/avr5/libatmega32u4.a(eerd_byte.o)
                              .build/obj_qwertykeys_qk65_hotswap_cvan20191/quantum/eeconfig.o (symbol from plugin) (eeprom_read_byte)
/opt/homebrew/Cellar/avr-gcc@8/8.5.0_2/lib/avr-gcc/8/gcc/avr/8.5.0/../../../../../../avr/lib/avr5/libatmega32u4.a(eerd_dword.o)
                              .build/obj_qwertykeys_qk65_hotswap_cvan20191/quantum/eeconfig.o (symbol from plugin) (eeprom_read_dword)
/opt/homebrew/Cellar/avr-gcc@8/8.5.0_2/lib/avr-gcc/8/gcc/avr/8.5.0/../../../../../../avr/lib/avr5/libatmega32u4.a(eerd_word.o)
                              .build/obj_qwertykeys_qk65_hotswap_cvan20191/quantum/eeconfig.o (symbol from plugin) (eeprom_read_word)
/opt/homebrew/Cellar/avr-gcc@8/8.5.0_2/lib/avr-gcc/8/gcc/avr/8.5.0/../../../../../../avr/lib/avr5/libatmega32u4.a(eeupd_block.o)
                              .build/obj_qwertykeys_qk65_hotswap_cvan20191/quantum/eeconfig.o (symbol from plugin) (eeprom_update_block)
/opt/homebrew/Cellar/avr-gcc@8/8.5.0_2/lib/avr-gcc/8/gcc/avr/8.5.0/../../../../../../avr/lib/avr5/libatmega32u4.a(eeupd_byte.o)
                              .build/obj_qwertykeys_qk65_hotswap_cvan20191/quantum/eeconfig.o (symbol from plugin) (eeprom_update_byte)
/opt/homebrew/Cellar/avr-gcc@8/8.5.0_2/lib/avr-gcc/8/gcc/avr/8.5.0/../../../../../../avr/lib/avr5/libatmega32u4.a(eeupd_dword.o)
                              .build/obj_qwertykeys_qk65_hotswap_cvan20191/quantum/eeconfig.o (symbol from plugin) (eeprom_update_dword)
/opt/homebrew/Cellar/avr-gcc@8/8.5.0_2/lib/avr-gcc/8/gcc/avr/8.5.0/../../../../../../avr/lib/avr5/libatmega32u4.a(eeupd_word.o)
                              .build/obj_qwertykeys_qk65_hotswap_cvan20191/quantum/eeconfig.o (symbol from plugin) (eeprom_update_word)
/opt/homebrew/Cellar/avr-gcc@8/8.5.0_2/lib/avr-gcc/8/gcc/avr/8.5.0/../../../../../../avr/lib/avr5/libatmega32u4.a(eerd_block.o)
                              /opt/homebrew/Cellar/avr-gcc@8/8.5.0_2/lib/avr-gcc/8/gcc/avr/8.5.0/../../../../../../avr/lib/avr5/libatmega32u4.a(eerd_dword.o) (eeprom_read_blraw)
/opt/homebrew/Cellar/avr-gcc@8/8.5.0_2/lib/avr-gcc/8/gcc/avr/8.5.0/avr5/libgcc.a(_tablejump2.o)
                              /var/folders/kz/1lpp500j75q9n5x081kkyn740000gn/T//cco2qA8w.ltrans0.ltrans.o (__tablejump2__)
/opt/homebrew/Cellar/avr-gcc@8/8.5.0_2/lib/avr-gcc/8/gcc/avr/8.5.0/avr5/libgcc.a(_copy_data.o)
                              /var/folders/kz/1lpp500j75q9n5x081kkyn740000gn/T//cco2qA8w.ltrans0.ltrans.o (__do_copy_data)
/opt/homebrew/Cellar/avr-gcc@8/8.5.0_2/lib/avr-gcc/8/gcc/avr/8.5.0/avr5/libgcc.a(_clear_bss.o)
                              /var/folders/kz/1lpp500j75q9n5x081kkyn740000gn/T//cco2qA8w.ltrans0.ltrans.o (__do_clear_bss)
/opt/homebrew/Cellar/avr-gcc@8/8.5.0_2/lib/avr-gcc/8/gcc/avr/8.5.0/avr5/libgcc.a(_prologue.o)
                              /var/folders/kz/1lpp500j75q9n5x081kkyn740000gn/T//cco2qA8w.ltrans0.ltrans.o (__prologue_saves__)
/opt/homebrew/Cellar/avr-gcc@8/8.5.0_2/lib/avr-gcc/8/gcc/avr/8.5.0/avr5/libgcc.a(_epilogue.o)
                              /var/folders/kz/1lpp500j75q9n5x081kkyn740000gn/T//cco2qA8w.ltrans0.ltrans.o (__epilogue_restores__)
/opt/homebrew/Cellar/avr-gcc@8/8.5.0_2/lib/avr-gcc/8/gcc/avr/8.5.0/../../../../../../avr/lib/avr5/libc.a(memcmp.o)
                              /var/folders/kz/1lpp500j75q9n5x081kkyn740000gn/T//cco2qA8w.ltrans0.ltrans.o (memcmp)
/opt/homebrew/Cellar/avr-gcc@8/8.5.0_2/lib/avr-gcc/8/gcc/avr/8.5.0/../../../../../../avr/lib/avr5/libc.a(memmove.o)
                              /var/folders/kz/1lpp500j75q9n5x081kkyn740000gn/T//cco2qA8w.ltrans0.ltrans.o (memmove)
/opt/homebrew/Cellar/avr-gcc@8/8.5.0_2/lib/avr-gcc/8/gcc/avr/8.5.0/../../../../../../avr/lib/avr5/libc.a(strcpy.o)
                              /var/folders/kz/1lpp500j75q9n5x081kkyn740000gn/T//cco2qA8w.ltrans0.ltrans.o (strcpy)
/opt/homebrew/Cellar/avr-gcc@8/8.5.0_2/lib/avr-gcc/8/gcc/avr/8.5.0/../../../../../../avr/lib/avr5/libc.a(memcpy.o)
                              /opt/homebrew/Cellar/avr-gcc@8/8.5.0_2/lib/avr-gcc/8/gcc/avr/8.5.0/../../../../../../avr/lib/avr5/libc.a(memmove.o) (memcpy)

Allocating common symbols
Common symbol       size              file

[...]
Memory Configuration

Name             Origin             Length             Attributes
text             0x00000000         0x00020000         xr
data             0x00800060         0x0000ffa0         rw!x
eeprom           0x00810000         0x00010000         rw!x
fuse             0x00820000         0x00000003         rw!x
lock             0x00830000         0x00000400         rw!x
signature        0x00840000         0x00000400         rw!x
user_signatures  0x00850000         0x00000400         rw!x
*default*        0x00000000         0xffffffff

Linker script and memory map

Address of section .data set to 0x800100
LOAD /opt/homebrew/Cellar/avr-gcc@8/8.5.0_2/lib/avr-gcc/8/gcc/avr/8.5.0/../../../../../../avr/lib/avr5/crtatmega32u4.o
LOAD .build/obj_qwertykeys_qk65_hotswap_cvan20191/features/achordion.o
LOAD /var/folders/kz/1lpp500j75q9n5x081kkyn740000gn/T//ccD2SPNodebugobj
LOAD /var/folders/kz/1lpp500j75q9n5x081kkyn740000gn/T//cco2qA8w.ltrans0.ltrans.o
LOAD .build/obj_qwertykeys_qk65_hotswap_cvan20191/features/custom_shift_keys.o
LOAD .build/obj_qwertykeys_qk65_hotswap_cvan20191/features/layer_lock.o
LOAD .build/obj_qwertykeys_qk65_hotswap_cvan20191/.build/obj_qwertykeys_qk65_hotswap_cvan20191/src/default_keyboard.o
LOAD .build/obj_qwertykeys_qk65_hotswap_cvan20191/quantum/keymap_introspection.o
LOAD .build/obj_qwertykeys_qk65_hotswap_cvan20191/quantum/quantum.o
LOAD .build/obj_qwertykeys_qk65_hotswap_cvan20191/quantum/bitwise.o
LOAD .build/obj_qwertykeys_qk65_hotswap_cvan20191/quantum/led.o
LOAD .build/obj_qwertykeys_qk65_hotswap_cvan20191/quantum/action.o
LOAD .build/obj_qwertykeys_qk65_hotswap_cvan20191/quantum/action_layer.o
LOAD .build/obj_qwertykeys_qk65_hotswap_cvan20191/quantum/action_tapping.o
LOAD .build/obj_qwertykeys_qk65_hotswap_cvan20191/quantum/action_util.o
LOAD .build/obj_qwertykeys_qk65_hotswap_cvan20191/quantum/eeconfig.o
LOAD .build/obj_qwertykeys_qk65_hotswap_cvan20191/quantum/keyboard.o
LOAD .build/obj_qwertykeys_qk65_hotswap_cvan20191/quantum/keymap_common.o
LOAD .build/obj_qwertykeys_qk65_hotswap_cvan20191/quantum/keycode_config.o
LOAD .build/obj_qwertykeys_qk65_hotswap_cvan20191/quantum/sync_timer.o
LOAD .build/obj_qwertykeys_qk65_hotswap_cvan20191/quantum/logging/debug.o
LOAD .build/obj_qwertykeys_qk65_hotswap_cvan20191/quantum/logging/sendchar.o
LOAD .build/obj_qwertykeys_qk65_hotswap_cvan20191/quantum/matrix_common.o
LOAD .build/obj_qwertykeys_qk65_hotswap_cvan20191/quantum/matrix.o
LOAD .build/obj_qwertykeys_qk65_hotswap_cvan20191/quantum/debounce/sym_defer_g.o
LOAD .build/obj_qwertykeys_qk65_hotswap_cvan20191/quantum/main.o
LOAD .build/obj_qwertykeys_qk65_hotswap_cvan20191/platforms/avr/xprintf.o
LOAD .build/obj_qwertykeys_qk65_hotswap_cvan20191/platforms/avr/printf.o
LOAD .build/obj_qwertykeys_qk65_hotswap_cvan20191/quantum/process_keycode/process_autocorrect.o
LOAD .build/obj_qwertykeys_qk65_hotswap_cvan20191/quantum/bootmagic/bootmagic.o
LOAD .build/obj_qwertykeys_qk65_hotswap_cvan20191/quantum/process_keycode/process_caps_word.o
LOAD .build/obj_qwertykeys_qk65_hotswap_cvan20191/quantum/caps_word.o
LOAD .build/obj_qwertykeys_qk65_hotswap_cvan20191/quantum/process_keycode/process_combo.o
LOAD .build/obj_qwertykeys_qk65_hotswap_cvan20191/quantum/process_keycode/process_grave_esc.o
LOAD .build/obj_qwertykeys_qk65_hotswap_cvan20191/quantum/process_keycode/process_key_override.o
LOAD .build/obj_qwertykeys_qk65_hotswap_cvan20191/quantum/process_keycode/process_leader.o
LOAD .build/obj_qwertykeys_qk65_hotswap_cvan20191/quantum/leader.o
LOAD .build/obj_qwertykeys_qk65_hotswap_cvan20191/quantum/process_keycode/process_magic.o
LOAD .build/obj_qwertykeys_qk65_hotswap_cvan20191/quantum/process_keycode/process_repeat_key.o
LOAD .build/obj_qwertykeys_qk65_hotswap_cvan20191/quantum/repeat_key.o
LOAD .build/obj_qwertykeys_qk65_hotswap_cvan20191/quantum/send_string/send_string.o
LOAD .build/obj_qwertykeys_qk65_hotswap_cvan20191/quantum/process_keycode/process_space_cadet.o
LOAD .build/obj_qwertykeys_qk65_hotswap_cvan20191/protocol/host.o
LOAD .build/obj_qwertykeys_qk65_hotswap_cvan20191/protocol/report.o
LOAD .build/obj_qwertykeys_qk65_hotswap_cvan20191/protocol/usb_device_state.o
LOAD .build/obj_qwertykeys_qk65_hotswap_cvan20191/protocol/usb_util.o
LOAD .build/obj_qwertykeys_qk65_hotswap_cvan20191/platforms/suspend.o
LOAD .build/obj_qwertykeys_qk65_hotswap_cvan20191/platforms/synchronization_util.o
LOAD .build/obj_qwertykeys_qk65_hotswap_cvan20191/platforms/timer.o
LOAD .build/obj_qwertykeys_qk65_hotswap_cvan20191/platforms/avr/hardware_id.o
LOAD .build/obj_qwertykeys_qk65_hotswap_cvan20191/platforms/avr/platform.o
LOAD .build/obj_qwertykeys_qk65_hotswap_cvan20191/platforms/avr/suspend.o
LOAD .build/obj_qwertykeys_qk65_hotswap_cvan20191/platforms/avr/timer.o
LOAD .build/obj_qwertykeys_qk65_hotswap_cvan20191/platforms/avr/bootloaders/dfu.o
LOAD .build/obj_qwertykeys_qk65_hotswap_cvan20191/lufa.o
LOAD .build/obj_qwertykeys_qk65_hotswap_cvan20191/usb_descriptor.o
LOAD .build/obj_qwertykeys_qk65_hotswap_cvan20191/lib/lufa/LUFA/Drivers/USB/Class/Common/HIDParser.o
LOAD .build/obj_qwertykeys_qk65_hotswap_cvan20191/lib/lufa/LUFA/Drivers/USB/Core/AVR8/Device_AVR8.o
LOAD .build/obj_qwertykeys_qk65_hotswap_cvan20191/lib/lufa/LUFA/Drivers/USB/Core/AVR8/EndpointStream_AVR8.o
LOAD .build/obj_qwertykeys_qk65_hotswap_cvan20191/lib/lufa/LUFA/Drivers/USB/Core/AVR8/Endpoint_AVR8.o
LOAD .build/obj_qwertykeys_qk65_hotswap_cvan20191/lib/lufa/LUFA/Drivers/USB/Core/AVR8/Host_AVR8.o
LOAD .build/obj_qwertykeys_qk65_hotswap_cvan20191/lib/lufa/LUFA/Drivers/USB/Core/AVR8/PipeStream_AVR8.o
LOAD .build/obj_qwertykeys_qk65_hotswap_cvan20191/lib/lufa/LUFA/Drivers/USB/Core/AVR8/Pipe_AVR8.o
LOAD .build/obj_qwertykeys_qk65_hotswap_cvan20191/lib/lufa/LUFA/Drivers/USB/Core/AVR8/USBController_AVR8.o
LOAD .build/obj_qwertykeys_qk65_hotswap_cvan20191/lib/lufa/LUFA/Drivers/USB/Core/AVR8/USBInterrupt_AVR8.o
LOAD .build/obj_qwertykeys_qk65_hotswap_cvan20191/lib/lufa/LUFA/Drivers/USB/Core/ConfigDescriptors.o
LOAD .build/obj_qwertykeys_qk65_hotswap_cvan20191/lib/lufa/LUFA/Drivers/USB/Core/DeviceStandardReq.o
LOAD .build/obj_qwertykeys_qk65_hotswap_cvan20191/lib/lufa/LUFA/Drivers/USB/Core/Events.o
LOAD .build/obj_qwertykeys_qk65_hotswap_cvan20191/lib/lufa/LUFA/Drivers/USB/Core/HostStandardReq.o
LOAD .build/obj_qwertykeys_qk65_hotswap_cvan20191/lib/lufa/LUFA/Drivers/USB/Core/USBTask.o
LOAD .build/obj_qwertykeys_qk65_hotswap_cvan20191/protocol/lufa/usb_util.o
LOAD /opt/homebrew/Cellar/avr-gcc@8/8.5.0_2/lib/avr-gcc/8/gcc/avr/8.5.0/../../../../../../avr/lib/avr5/libm.a
START GROUP
LOAD /opt/homebrew/Cellar/avr-gcc@8/8.5.0_2/lib/avr-gcc/8/gcc/avr/8.5.0/avr5/libgcc.a
LOAD /opt/homebrew/Cellar/avr-gcc@8/8.5.0_2/lib/avr-gcc/8/gcc/avr/8.5.0/../../../../../../avr/lib/avr5/libm.a
LOAD /opt/homebrew/Cellar/avr-gcc@8/8.5.0_2/lib/avr-gcc/8/gcc/avr/8.5.0/../../../../../../avr/lib/avr5/libc.a
LOAD /opt/homebrew/Cellar/avr-gcc@8/8.5.0_2/lib/avr-gcc/8/gcc/avr/8.5.0/../../../../../../avr/lib/avr5/libatmega32u4.a
END GROUP
                0x00000000                        __TEXT_REGION_ORIGIN__ = DEFINED (__TEXT_REGION_ORIGIN__)?__TEXT_REGION_ORIGIN__:0x0
                0x00020000                        __TEXT_REGION_LENGTH__ = DEFINED (__TEXT_REGION_LENGTH__)?__TEXT_REGION_LENGTH__:0x20000
                0x00800060                        __DATA_REGION_ORIGIN__ = DEFINED (__DATA_REGION_ORIGIN__)?__DATA_REGION_ORIGIN__:0x800060
                0x0000ffa0                        __DATA_REGION_LENGTH__ = DEFINED (__DATA_REGION_LENGTH__)?__DATA_REGION_LENGTH__:0xffa0
                0x00010000                        __EEPROM_REGION_LENGTH__ = DEFINED (__EEPROM_REGION_LENGTH__)?__EEPROM_REGION_LENGTH__:0x10000
                [0x00000003]                      __FUSE_REGION_LENGTH__ = DEFINED (__FUSE_REGION_LENGTH__)?__FUSE_REGION_LENGTH__:0x400
                0x00000400                        __LOCK_REGION_LENGTH__ = DEFINED (__LOCK_REGION_LENGTH__)?__LOCK_REGION_LENGTH__:0x400
                0x00000400                        __SIGNATURE_REGION_LENGTH__ = DEFINED (__SIGNATURE_REGION_LENGTH__)?__SIGNATURE_REGION_LENGTH__:0x400
                0x00000400                        __USER_SIGNATURE_REGION_LENGTH__ = DEFINED (__USER_SIGNATURE_REGION_LENGTH__)?__USER_SIGNATURE_REGION_LENGTH__:0x400

.hash
 *(.hash)

.dynsym
 *(.dynsym)

.dynstr
 *(.dynstr)

.gnu.version
 *(.gnu.version)

.gnu.version_d
 *(.gnu.version_d)

.gnu.version_r
 *(.gnu.version_r)

.rel.init
 *(.rel.init)

.rela.init
 *(.rela.init)

.rel.text
 *(.rel.text)
 *(.rel.text.*)
 *(.rel.gnu.linkonce.t*)

.rela.text
 *(.rela.text)
 *(.rela.text.*)
 *(.rela.gnu.linkonce.t*)

.rel.fini
 *(.rel.fini)

.rela.fini
 *(.rela.fini)

.rel.rodata
 *(.rel.rodata)
 *(.rel.rodata.*)
 *(.rel.gnu.linkonce.r*)

.rela.rodata
 *(.rela.rodata)
 *(.rela.rodata.*)
 *(.rela.gnu.linkonce.r*)

.rel.data
 *(.rel.data)
 *(.rel.data.*)
 *(.rel.gnu.linkonce.d*)

.rela.data
 *(.rela.data)
 *(.rela.data.*)
 *(.rela.gnu.linkonce.d*)

.rel.ctors
 *(.rel.ctors)

.rela.ctors
 *(.rela.ctors)

.rel.dtors
 *(.rel.dtors)

.rela.dtors
 *(.rela.dtors)

.rel.got
 *(.rel.got)

.rela.got
 *(.rela.got)

.rel.bss
 *(.rel.bss)

.rela.bss
 *(.rela.bss)

.rel.plt
 *(.rel.plt)

.rela.plt
 *(.rela.plt)

.text           0x00000000     0x5676
 *(.vectors)
 .vectors       0x00000000       0xac /opt/homebrew/Cellar/avr-gcc@8/8.5.0_2/lib/avr-gcc/8/gcc/avr/8.5.0/../../../../../../avr/lib/avr5/crtatmega32u4.o
                0x00000000                __vectors
                0x00000000                __vector_default
 *(.vectors)
 *(.progmem.gcc*)
                0x000000ac                        . = ALIGN (0x2)
                0x000000ac                        __trampolines_start = .
 *(.trampolines)
 .trampolines   0x000000ac        0x0 linker stubs
 *(.trampolines*)
                0x000000ac                        __trampolines_end = .
 *libprintf_flt.a:*(.progmem.data)
 *libc.a:*(.progmem.data)
 *(.progmem.*)
 .progmem.data.COMDOT_combo
                0x000000ac        0x6 /var/folders/kz/1lpp500j75q9n5x081kkyn740000gn/T//cco2qA8w.ltrans0.ltrans.o
 .progmem.data.MCOM_combo
                0x000000b2        0x6 /var/folders/kz/1lpp500j75q9n5x081kkyn740000gn/T//cco2qA8w.ltrans0.ltrans.o
 .progmem.data.K_combo
                0x000000b8        0x6 /var/folders/kz/1lpp500j75q9n5x081kkyn740000gn/T//cco2qA8w.ltrans0.ltrans.o
 .progmem.data.pairs.3547
                0x000000be       0x16 /var/folders/kz/1lpp500j75q9n5x081kkyn740000gn/T//cco2qA8w.ltrans0.ltrans.o
 .progmem.data.pairs.3546
                0x000000d4        0x8 /var/folders/kz/1lpp500j75q9n5x081kkyn740000gn/T//cco2qA8w.ltrans0.ltrans.o
 .progmem.data.pairs.3545
                0x000000dc        0xa /var/folders/kz/1lpp500j75q9n5x081kkyn740000gn/T//cco2qA8w.ltrans0.ltrans.o
 .progmem.data.__c.5449
                0x000000e6       0x20 /var/folders/kz/1lpp500j75q9n5x081kkyn740000gn/T//cco2qA8w.ltrans0.ltrans.o
 .progmem.data.autocorrect_data
                0x00000106       0x34 /var/folders/kz/1lpp500j75q9n5x081kkyn740000gn/T//cco2qA8w.ltrans0.ltrans.o
 .progmem.data.keymaps
                0x0000013a      0x258 /var/folders/kz/1lpp500j75q9n5x081kkyn740000gn/T//cco2qA8w.ltrans0.ltrans.o
 .progmem.data.SharedReport
                0x00000392       0x6d /var/folders/kz/1lpp500j75q9n5x081kkyn740000gn/T//cco2qA8w.ltrans0.ltrans.o
 .progmem.data.KeyboardReport
                0x000003ff       0x44 /var/folders/kz/1lpp500j75q9n5x081kkyn740000gn/T//cco2qA8w.ltrans0.ltrans.o
 .progmem.data.ConfigurationDescriptor
                0x00000443       0x3b /var/folders/kz/1lpp500j75q9n5x081kkyn740000gn/T//cco2qA8w.ltrans0.ltrans.o
 .progmem.data.DeviceDescriptor
                0x0000047e       0x12 /var/folders/kz/1lpp500j75q9n5x081kkyn740000gn/T//cco2qA8w.ltrans0.ltrans.o
 .progmem.data.ProductString
                0x00000490       0x1c /var/folders/kz/1lpp500j75q9n5x081kkyn740000gn/T//cco2qA8w.ltrans0.ltrans.o
 .progmem.data.ManufacturerString
                0x000004ac       0x18 /var/folders/kz/1lpp500j75q9n5x081kkyn740000gn/T//cco2qA8w.ltrans0.ltrans.o
 .progmem.data.LanguageString
                0x000004c4        0x4 /var/folders/kz/1lpp500j75q9n5x081kkyn740000gn/T//cco2qA8w.ltrans0.ltrans.o
 .progmem.data.ascii_to_dead_lut
                0x000004c8       0x10 /var/folders/kz/1lpp500j75q9n5x081kkyn740000gn/T//cco2qA8w.ltrans0.ltrans.o
 .progmem.data.ascii_to_altgr_lut
                0x000004d8       0x10 /var/folders/kz/1lpp500j75q9n5x081kkyn740000gn/T//cco2qA8w.ltrans0.ltrans.o
 .progmem.data.ascii_to_shift_lut
                0x000004e8       0x10 /var/folders/kz/1lpp500j75q9n5x081kkyn740000gn/T//cco2qA8w.ltrans0.ltrans.o
 .progmem.data.ascii_to_keycode_lut
                0x000004f8       0x80 /var/folders/kz/1lpp500j75q9n5x081kkyn740000gn/T//cco2qA8w.ltrans0.ltrans.o
                0x00000578                        . = ALIGN (0x2)
 *(.lowtext)
 *(.lowtext*)
                0x00000578                        __ctors_start = .
 *(.ctors)
                0x00000578                        __ctors_end = .
                0x00000578                        __dtors_start = .
 *(.dtors)
                0x00000578                        __dtors_end = .
 SORT_BY_NAME(*)(.ctors)
 SORT_BY_NAME(*)(.dtors)
 *(.init0)
 .init0         0x00000578        0x0 /opt/homebrew/Cellar/avr-gcc@8/8.5.0_2/lib/avr-gcc/8/gcc/avr/8.5.0/../../../../../../avr/lib/avr5/crtatmega32u4.o
                0x00000578                __init
 *(.init0)
 *(.init1)
 *(.init1)
 *(.init2)
 .init2         0x00000578        0xc /opt/homebrew/Cellar/avr-gcc@8/8.5.0_2/lib/avr-gcc/8/gcc/avr/8.5.0/../../../../../../avr/lib/avr5/crtatmega32u4.o
 *(.init2)
 *(.init3)
 .init3         0x00000584       0x36 /var/folders/kz/1lpp500j75q9n5x081kkyn740000gn/T//cco2qA8w.ltrans0.ltrans.o
                0x00000584                bootloader_jump_after_watchdog_reset
 *(.init3)
 *(.init4)
 .init4         0x000005ba       0x16 /opt/homebrew/Cellar/avr-gcc@8/8.5.0_2/lib/avr-gcc/8/gcc/avr/8.5.0/avr5/libgcc.a(_copy_data.o)
                0x000005ba                __do_copy_data
 .init4         0x000005d0       0x10 /opt/homebrew/Cellar/avr-gcc@8/8.5.0_2/lib/avr-gcc/8/gcc/avr/8.5.0/avr5/libgcc.a(_clear_bss.o)
                0x000005d0                __do_clear_bss
 *(.init4)
 *(.init5)
 *(.init5)
 *(.init6)
 *(.init6)
 *(.init7)
 *(.init7)
 *(.init8)
 *(.init8)
 *(.init9)
 .init9         0x000005e0        0x8 /opt/homebrew/Cellar/avr-gcc@8/8.5.0_2/lib/avr-gcc/8/gcc/avr/8.5.0/../../../../../../avr/lib/avr5/crtatmega32u4.o
 *(.init9)
 *(.text)
 .text          0x000005e8        0x4 /opt/homebrew/Cellar/avr-gcc@8/8.5.0_2/lib/avr-gcc/8/gcc/avr/8.5.0/../../../../../../avr/lib/avr5/crtatmega32u4.o
                0x000005e8                __vector_42
                0x000005e8                __vector_22
                0x000005e8                __vector_28
                0x000005e8                __vector_1
                0x000005e8                __vector_32
                0x000005e8                __vector_34
                0x000005e8                __vector_24
                0x000005e8                __bad_interrupt
                0x000005e8                __vector_6
                0x000005e8                __vector_31
                0x000005e8                __vector_35
                0x000005e8                __vector_39
                0x000005e8                __vector_3
                0x000005e8                __vector_23
                0x000005e8                __vector_30
                0x000005e8                __vector_25
                0x000005e8                __vector_13
                0x000005e8                __vector_17
                0x000005e8                __vector_19
                0x000005e8                __vector_7
                0x000005e8                __vector_41
                0x000005e8                __vector_27
                0x000005e8                __vector_5
                0x000005e8                __vector_33
                0x000005e8                __vector_37
                0x000005e8                __vector_4
                0x000005e8                __vector_9
                0x000005e8                __vector_2
                0x000005e8                __vector_15
                0x000005e8                __vector_36
                0x000005e8                __vector_29
                0x000005e8                __vector_40
                0x000005e8                __vector_8
                0x000005e8                __vector_26
                0x000005e8                __vector_14
                0x000005e8                __vector_16
                0x000005e8                __vector_18
                0x000005e8                __vector_20
                0x000005e8                __vector_38
                0x000005ec                        . = ALIGN (0x2)
 *(.text.*)
 .text.get_tapping_term.constprop.32
                0x000005ec       0x92 /var/folders/kz/1lpp500j75q9n5x081kkyn740000gn/T//cco2qA8w.ltrans0.ltrans.o
 .text.get_combo_term.constprop.22
                0x0000067e       0x10 /var/folders/kz/1lpp500j75q9n5x081kkyn740000gn/T//cco2qA8w.ltrans0.ltrans.o
 .text.waiting_buffer_typed.isra.2.constprop.15
                0x0000068e       0x3e /var/folders/kz/1lpp500j75q9n5x081kkyn740000gn/T//cco2qA8w.ltrans0.ltrans.o
 .text.USB_Disable
                0x000006cc       0x3e /var/folders/kz/1lpp500j75q9n5x081kkyn740000gn/T//cco2qA8w.ltrans0.ltrans.o
 .text.Endpoint_WaitUntilReady
                0x0000070a       0x62 /var/folders/kz/1lpp500j75q9n5x081kkyn740000gn/T//cco2qA8w.ltrans0.ltrans.o
 .text.Endpoint_ClearStatusStage
                0x0000076c       0x3e /var/folders/kz/1lpp500j75q9n5x081kkyn740000gn/T//cco2qA8w.ltrans0.ltrans.o
 .text.Endpoint_ConfigureEndpoint_Prv
                0x000007aa       0x64 /var/folders/kz/1lpp500j75q9n5x081kkyn740000gn/T//cco2qA8w.ltrans0.ltrans.o
 .text.USB_Init
                0x0000080e       0xb6 /var/folders/kz/1lpp500j75q9n5x081kkyn740000gn/T//cco2qA8w.ltrans0.ltrans.o
 .text.Endpoint_Write_Control_Stream_LE
                0x000008c4       0xbc /var/folders/kz/1lpp500j75q9n5x081kkyn740000gn/T//cco2qA8w.ltrans0.ltrans.o
 .text.send_mouse
                0x00000980        0x2 /var/folders/kz/1lpp500j75q9n5x081kkyn740000gn/T//cco2qA8w.ltrans0.ltrans.o
 .text.keyboard_leds
                0x00000982        0x6 /var/folders/kz/1lpp500j75q9n5x081kkyn740000gn/T//cco2qA8w.ltrans0.ltrans.o
 .text.timer_elapsed
                0x00000988       0x1e /var/folders/kz/1lpp500j75q9n5x081kkyn740000gn/T//cco2qA8w.ltrans0.ltrans.o
 .text.timer_read32
                0x000009a6       0x18 /var/folders/kz/1lpp500j75q9n5x081kkyn740000gn/T//cco2qA8w.ltrans0.ltrans.o
 .text.timer_read
                0x000009be       0x18 /var/folders/kz/1lpp500j75q9n5x081kkyn740000gn/T//cco2qA8w.ltrans0.ltrans.o
 .text.del_key_from_report
                0x000009d6       0x56 /var/folders/kz/1lpp500j75q9n5x081kkyn740000gn/T//cco2qA8w.ltrans0.ltrans.o
 .text.add_key_to_report
                0x00000a2c       0x68 /var/folders/kz/1lpp500j75q9n5x081kkyn740000gn/T//cco2qA8w.ltrans0.ltrans.o
 .text.host_consumer_send
                0x00000a94       0x4a /var/folders/kz/1lpp500j75q9n5x081kkyn740000gn/T//cco2qA8w.ltrans0.ltrans.o
 .text.host_system_send
                0x00000ade       0x4a /var/folders/kz/1lpp500j75q9n5x081kkyn740000gn/T//cco2qA8w.ltrans0.ltrans.o
 .text.host_keyboard_leds
                0x00000b28       0x1a /var/folders/kz/1lpp500j75q9n5x081kkyn740000gn/T//cco2qA8w.ltrans0.ltrans.o
 .text.find_alt_keycode
                0x00000b42       0x2c /var/folders/kz/1lpp500j75q9n5x081kkyn740000gn/T//cco2qA8w.ltrans0.ltrans.o
 .text.update_last_repeat_count
                0x00000b6e       0x22 /var/folders/kz/1lpp500j75q9n5x081kkyn740000gn/T//cco2qA8w.ltrans0.ltrans.o
 .text.schedule_deferred_register
                0x00000b90       0xa2 /var/folders/kz/1lpp500j75q9n5x081kkyn740000gn/T//cco2qA8w.ltrans0.ltrans.o
 .text.key_override_matches_active_modifiers
                0x00000c32       0x40 /var/folders/kz/1lpp500j75q9n5x081kkyn740000gn/T//cco2qA8w.ltrans0.ltrans.o
 .text.drop_combo_from_buffer
                0x00000c72       0x5c /var/folders/kz/1lpp500j75q9n5x081kkyn740000gn/T//cco2qA8w.ltrans0.ltrans.o
 .text.clear_combos
                0x00000cce       0x24 /var/folders/kz/1lpp500j75q9n5x081kkyn740000gn/T//cco2qA8w.ltrans0.ltrans.o
 .text.sendchar
                0x00000cf2        0x4 /var/folders/kz/1lpp500j75q9n5x081kkyn740000gn/T//cco2qA8w.ltrans0.ltrans.o
 .text.setPinInputHigh_atomic
                0x00000cf6       0x2e /var/folders/kz/1lpp500j75q9n5x081kkyn740000gn/T//cco2qA8w.ltrans0.ltrans.o
 .text.mod_config
                0x00000d24       0x9e /var/folders/kz/1lpp500j75q9n5x081kkyn740000gn/T//cco2qA8w.ltrans0.ltrans.o
 .text.keycode_config
                0x00000dc2      0x144 /var/folders/kz/1lpp500j75q9n5x081kkyn740000gn/T//cco2qA8w.ltrans0.ltrans.o
 .text.keymap_key_to_keycode
                0x00000f06       0x3e /var/folders/kz/1lpp500j75q9n5x081kkyn740000gn/T//cco2qA8w.ltrans0.ltrans.o
 .text.action_for_keycode
                0x00000f44      0x23c /var/folders/kz/1lpp500j75q9n5x081kkyn740000gn/T//cco2qA8w.ltrans0.ltrans.o
 .text.clear_oneshot_mods
                0x00001180        0xc /var/folders/kz/1lpp500j75q9n5x081kkyn740000gn/T//cco2qA8w.ltrans0.ltrans.o
 .text.del_oneshot_mods
                0x0000118c       0x14 /var/folders/kz/1lpp500j75q9n5x081kkyn740000gn/T//cco2qA8w.ltrans0.ltrans.o
 .text.del_mods
                0x000011a0        0xe /var/folders/kz/1lpp500j75q9n5x081kkyn740000gn/T//cco2qA8w.ltrans0.ltrans.o
 .text.get_mods_for_report
                0x000011ae       0x60 /var/folders/kz/1lpp500j75q9n5x081kkyn740000gn/T//cco2qA8w.ltrans0.ltrans.o
 .text.debug_waiting_buffer
                0x0000120e       0x14 /var/folders/kz/1lpp500j75q9n5x081kkyn740000gn/T//cco2qA8w.ltrans0.ltrans.o
 .text.layer_switch_get_layer
                0x00001222       0x5e /var/folders/kz/1lpp500j75q9n5x081kkyn740000gn/T//cco2qA8w.ltrans0.ltrans.o
 .text.layer_switch_get_action
                0x00001280       0x1a /var/folders/kz/1lpp500j75q9n5x081kkyn740000gn/T//cco2qA8w.ltrans0.ltrans.o
 .text.read_source_layers_cache
                0x0000129a       0x68 /var/folders/kz/1lpp500j75q9n5x081kkyn740000gn/T//cco2qA8w.ltrans0.ltrans.o
 .text.update_source_layers_cache
                0x00001302       0x6e /var/folders/kz/1lpp500j75q9n5x081kkyn740000gn/T//cco2qA8w.ltrans0.ltrans.o
 .text.layer_state_set
                0x00001370        0x6 /var/folders/kz/1lpp500j75q9n5x081kkyn740000gn/T//cco2qA8w.ltrans0.ltrans.o
 .text.layer_off
                0x00001376       0x1a /var/folders/kz/1lpp500j75q9n5x081kkyn740000gn/T//cco2qA8w.ltrans0.ltrans.o
 .text.clear_oneshot_layer_state
                0x00001390       0x2e /var/folders/kz/1lpp500j75q9n5x081kkyn740000gn/T//cco2qA8w.ltrans0.ltrans.o
 .text.layer_on
                0x000013be       0x18 /var/folders/kz/1lpp500j75q9n5x081kkyn740000gn/T//cco2qA8w.ltrans0.ltrans.o
 .text.default_layer_state_set
                0x000013d6        0x6 /var/folders/kz/1lpp500j75q9n5x081kkyn740000gn/T//cco2qA8w.ltrans0.ltrans.o
 .text.is_tap_action
                0x000013dc       0x36 /var/folders/kz/1lpp500j75q9n5x081kkyn740000gn/T//cco2qA8w.ltrans0.ltrans.o
 .text.is_tap_record
                0x00001412       0x28 /var/folders/kz/1lpp500j75q9n5x081kkyn740000gn/T//cco2qA8w.ltrans0.ltrans.o
 .text.biton    0x0000143a       0x22 /var/folders/kz/1lpp500j75q9n5x081kkyn740000gn/T//cco2qA8w.ltrans0.ltrans.o
 .text.get_event_keycode
                0x0000145c       0x4a /var/folders/kz/1lpp500j75q9n5x081kkyn740000gn/T//cco2qA8w.ltrans0.ltrans.o
 .text.get_record_keycode
                0x000014a6       0x1e /var/folders/kz/1lpp500j75q9n5x081kkyn740000gn/T//cco2qA8w.ltrans0.ltrans.o
 .text.extract_mod_bits
                0x000014c4       0x62 /var/folders/kz/1lpp500j75q9n5x081kkyn740000gn/T//cco2qA8w.ltrans0.ltrans.o
 .text.layer_lock_invert
                0x00001526       0x5c /var/folders/kz/1lpp500j75q9n5x081kkyn740000gn/T//cco2qA8w.ltrans0.ltrans.o
 .text.update_streak_timer.isra.1
                0x00001582       0x4e /var/folders/kz/1lpp500j75q9n5x081kkyn740000gn/T//cco2qA8w.ltrans0.ltrans.o
 .text.send_report
                0x000015d0       0x76 /var/folders/kz/1lpp500j75q9n5x081kkyn740000gn/T//cco2qA8w.ltrans0.ltrans.o
 .text.send_extra
                0x00001646        0xe /var/folders/kz/1lpp500j75q9n5x081kkyn740000gn/T//cco2qA8w.ltrans0.ltrans.o
 .text.send_nkro
                0x00001654        0xe /var/folders/kz/1lpp500j75q9n5x081kkyn740000gn/T//cco2qA8w.ltrans0.ltrans.o
 .text.send_keyboard
                0x00001662       0x28 /var/folders/kz/1lpp500j75q9n5x081kkyn740000gn/T//cco2qA8w.ltrans0.ltrans.o
 .text.bootloader_jump
                0x0000168a       0x48 /var/folders/kz/1lpp500j75q9n5x081kkyn740000gn/T//cco2qA8w.ltrans0.ltrans.o
 .text.oneshot_set
                0x000016d2       0x2e /var/folders/kz/1lpp500j75q9n5x081kkyn740000gn/T//cco2qA8w.ltrans0.ltrans.o
 .text.send_keyboard_report
                0x00001700       0xa4 /var/folders/kz/1lpp500j75q9n5x081kkyn740000gn/T//cco2qA8w.ltrans0.ltrans.o
 .text.clear_keyboard
                0x000017a4       0x44 /var/folders/kz/1lpp500j75q9n5x081kkyn740000gn/T//cco2qA8w.ltrans0.ltrans.o
 .text.USB_Device_ProcessControlRequest
                0x000017e8      0x562 /var/folders/kz/1lpp500j75q9n5x081kkyn740000gn/T//cco2qA8w.ltrans0.ltrans.o
 .text.soft_reset_keyboard
                0x00001d4a       0x2c /var/folders/kz/1lpp500j75q9n5x081kkyn740000gn/T//cco2qA8w.ltrans0.ltrans.o
 .text.unregister_weak_mods
                0x00001d76       0x16 /var/folders/kz/1lpp500j75q9n5x081kkyn740000gn/T//cco2qA8w.ltrans0.ltrans.o
 .text.caps_word_off
                0x00001d8c       0x14 /var/folders/kz/1lpp500j75q9n5x081kkyn740000gn/T//cco2qA8w.ltrans0.ltrans.o
 .text.register_weak_mods
                0x00001da0       0x14 /var/folders/kz/1lpp500j75q9n5x081kkyn740000gn/T//cco2qA8w.ltrans0.ltrans.o
 .text.unregister_mods
                0x00001db4        0xe /var/folders/kz/1lpp500j75q9n5x081kkyn740000gn/T//cco2qA8w.ltrans0.ltrans.o
 .text.clear_eager_mods
                0x00001dc2        0xe /var/folders/kz/1lpp500j75q9n5x081kkyn740000gn/T//cco2qA8w.ltrans0.ltrans.o
 .text.register_mods
                0x00001dd0       0x14 /var/folders/kz/1lpp500j75q9n5x081kkyn740000gn/T//cco2qA8w.ltrans0.ltrans.o
 .text.unregister_code
                0x00001de4       0x54 /var/folders/kz/1lpp500j75q9n5x081kkyn740000gn/T//cco2qA8w.ltrans0.ltrans.o
 .text.clear_active_override
                0x00001e38       0xcc /var/folders/kz/1lpp500j75q9n5x081kkyn740000gn/T//cco2qA8w.ltrans0.ltrans.o
 .text.register_code
                0x00001f04       0xd0 /var/folders/kz/1lpp500j75q9n5x081kkyn740000gn/T//cco2qA8w.ltrans0.ltrans.o
 .text.tap_code_delay
                0x00001fd4       0x30 /var/folders/kz/1lpp500j75q9n5x081kkyn740000gn/T//cco2qA8w.ltrans0.ltrans.o
 .text.tap_code
                0x00002004       0x12 /var/folders/kz/1lpp500j75q9n5x081kkyn740000gn/T//cco2qA8w.ltrans0.ltrans.o
 .text.send_string_with_delay_P.constprop.36
                0x00002016      0x15a /var/folders/kz/1lpp500j75q9n5x081kkyn740000gn/T//cco2qA8w.ltrans0.ltrans.o
 .text.perform_space_cadet
                0x00002170       0xc8 /var/folders/kz/1lpp500j75q9n5x081kkyn740000gn/T//cco2qA8w.ltrans0.ltrans.o
 .text.neutralize_flashing_modifiers
                0x00002238       0x10 /var/folders/kz/1lpp500j75q9n5x081kkyn740000gn/T//cco2qA8w.ltrans0.ltrans.o
 .text.register_code16
                0x00002248       0x30 /var/folders/kz/1lpp500j75q9n5x081kkyn740000gn/T//cco2qA8w.ltrans0.ltrans.o
 .text.process_record
                0x00002278     0x1bb4 /var/folders/kz/1lpp500j75q9n5x081kkyn740000gn/T//cco2qA8w.ltrans0.ltrans.o
 .text.waiting_buffer_scan_tap
                0x00003e2c       0xca /var/folders/kz/1lpp500j75q9n5x081kkyn740000gn/T//cco2qA8w.ltrans0.ltrans.o
 .text.process_tapping
                0x00003ef6      0x418 /var/folders/kz/1lpp500j75q9n5x081kkyn740000gn/T//cco2qA8w.ltrans0.ltrans.o
 .text.action_tapping_process
                0x0000430e       0xd6 /var/folders/kz/1lpp500j75q9n5x081kkyn740000gn/T//cco2qA8w.ltrans0.ltrans.o
 .text.dump_key_buffer
                0x000043e4       0x92 /var/folders/kz/1lpp500j75q9n5x081kkyn740000gn/T//cco2qA8w.ltrans0.ltrans.o
 .text.combo_disable
                0x00004476       0x1e /var/folders/kz/1lpp500j75q9n5x081kkyn740000gn/T//cco2qA8w.ltrans0.ltrans.o
 .text.apply_combos
                0x00004494      0x126 /var/folders/kz/1lpp500j75q9n5x081kkyn740000gn/T//cco2qA8w.ltrans0.ltrans.o
 .text.action_exec
                0x000045ba      0x444 /var/folders/kz/1lpp500j75q9n5x081kkyn740000gn/T//cco2qA8w.ltrans0.ltrans.o
 .text.generate_tick_event
                0x000049fe       0x48 /var/folders/kz/1lpp500j75q9n5x081kkyn740000gn/T//cco2qA8w.ltrans0.ltrans.o
 .text.recursively_process_record
                0x00004a46       0x16 /var/folders/kz/1lpp500j75q9n5x081kkyn740000gn/T//cco2qA8w.ltrans0.ltrans.o
 .text.settle_as_hold
                0x00004a5c       0x10 /var/folders/kz/1lpp500j75q9n5x081kkyn740000gn/T//cco2qA8w.ltrans0.ltrans.o
 .text.matrix_scan
                0x00004a6c      0x226 /var/folders/kz/1lpp500j75q9n5x081kkyn740000gn/T//cco2qA8w.ltrans0.ltrans.o
 .text.__vector_11
                0x00004c92       0x88 /var/folders/kz/1lpp500j75q9n5x081kkyn740000gn/T//cco2qA8w.ltrans0.ltrans.o
                0x00004c92                __vector_11
 .text.__vector_10
                0x00004d1a      0x1b2 /var/folders/kz/1lpp500j75q9n5x081kkyn740000gn/T//cco2qA8w.ltrans0.ltrans.o
                0x00004d1a                __vector_10
 .text.__vector_21
                0x00004ecc       0x48 /var/folders/kz/1lpp500j75q9n5x081kkyn740000gn/T//cco2qA8w.ltrans0.ltrans.o
                0x00004ecc                __vector_21
 .text.__vector_12
                0x00004f14       0x4e /var/folders/kz/1lpp500j75q9n5x081kkyn740000gn/T//cco2qA8w.ltrans0.ltrans.o
                0x00004f14                __vector_12
 .text.startup.main
                0x00004f62      0x508 /var/folders/kz/1lpp500j75q9n5x081kkyn740000gn/T//cco2qA8w.ltrans0.ltrans.o
                0x00004f62                main
 .text.libgcc   0x0000546a        0xc /opt/homebrew/Cellar/avr-gcc@8/8.5.0_2/lib/avr-gcc/8/gcc/avr/8.5.0/avr5/libgcc.a(_tablejump2.o)
                0x0000546a                __tablejump2__
 .text.libgcc.prologue
                0x00005476       0x38 /opt/homebrew/Cellar/avr-gcc@8/8.5.0_2/lib/avr-gcc/8/gcc/avr/8.5.0/avr5/libgcc.a(_prologue.o)
                0x00005476                __prologue_saves__
 .text.libgcc.prologue
                0x000054ae       0x36 /opt/homebrew/Cellar/avr-gcc@8/8.5.0_2/lib/avr-gcc/8/gcc/avr/8.5.0/avr5/libgcc.a(_epilogue.o)
                0x000054ae                __epilogue_restores__
 .text.avr-libc
                0x000054e4        0xe /opt/homebrew/Cellar/avr-gcc@8/8.5.0_2/lib/avr-gcc/8/gcc/avr/8.5.0/../../../../../../avr/lib/avr5/libc.a(strcpy_P.o)
                0x000054e4                strcpy_P
 .text.avr-libc
                0x000054f2       0x1a /opt/homebrew/Cellar/avr-gcc@8/8.5.0_2/lib/avr-gcc/8/gcc/avr/8.5.0/../../../../../../avr/lib/avr5/libc.a(memcmp.o)
                0x000054f2                memcmp
 .text.avr-libc
                0x0000550c       0x24 /opt/homebrew/Cellar/avr-gcc@8/8.5.0_2/lib/avr-gcc/8/gcc/avr/8.5.0/../../../../../../avr/lib/avr5/libc.a(memmove.o)
                0x0000550c                memmove
 .text.avr-libc
                0x00005530        0xe /opt/homebrew/Cellar/avr-gcc@8/8.5.0_2/lib/avr-gcc/8/gcc/avr/8.5.0/../../../../../../avr/lib/avr5/libc.a(strcpy.o)
                0x00005530                strcpy
 .text.avr-libc
                0x0000553e       0x12 /opt/homebrew/Cellar/avr-gcc@8/8.5.0_2/lib/avr-gcc/8/gcc/avr/8.5.0/../../../../../../avr/lib/avr5/libc.a(memcpy.o)
                0x0000553e                memcpy
 .text.avr-libc
                0x00005550       0x10 /opt/homebrew/Cellar/avr-gcc@8/8.5.0_2/lib/avr-gcc/8/gcc/avr/8.5.0/../../../../../../avr/lib/avr5/libatmega32u4.a(eerd_byte.o)
                0x00005550                eeprom_read_byte
 .text.avr-libc
                0x00005560        0xc /opt/homebrew/Cellar/avr-gcc@8/8.5.0_2/lib/avr-gcc/8/gcc/avr/8.5.0/../../../../../../avr/lib/avr5/libatmega32u4.a(eerd_word.o)
                0x00005560                eeprom_read_word
 .text.avr-libc
                0x0000556c       0x20 /opt/homebrew/Cellar/avr-gcc@8/8.5.0_2/lib/avr-gcc/8/gcc/avr/8.5.0/../../../../../../avr/lib/avr5/libatmega32u4.a(eeupd_block.o)
                0x0000556c                eeprom_update_block
 .text.avr-libc
                0x0000558c       0x24 /opt/homebrew/Cellar/avr-gcc@8/8.5.0_2/lib/avr-gcc/8/gcc/avr/8.5.0/../../../../../../avr/lib/avr5/libatmega32u4.a(eeupd_byte.o)
                0x0000558c                eeprom_update_byte
                0x0000558e                eeprom_update_r18
 .text.avr-libc
                0x000055b0       0x18 /opt/homebrew/Cellar/avr-gcc@8/8.5.0_2/lib/avr-gcc/8/gcc/avr/8.5.0/../../../../../../avr/lib/avr5/libatmega32u4.a(eeupd_dword.o)
                0x000055b0                eeprom_update_dword
                0x000055b0                eeprom_update_float
 .text.avr-libc
                0x000055c8        0xc /opt/homebrew/Cellar/avr-gcc@8/8.5.0_2/lib/avr-gcc/8/gcc/avr/8.5.0/../../../../../../avr/lib/avr5/libatmega32u4.a(eeupd_word.o)
                0x000055c8                eeprom_update_word
 .text.avr-libc
                0x000055d4       0x20 /opt/homebrew/Cellar/avr-gcc@8/8.5.0_2/lib/avr-gcc/8/gcc/avr/8.5.0/../../../../../../avr/lib/avr5/libatmega32u4.a(eerd_block.o)
                0x000055d4                eeprom_read_block
                0x000055d8                eeprom_read_blraw
                0x000055f4                        . = ALIGN (0x2)
 *(.fini9)
 .fini9         0x000055f4        0x0 /opt/homebrew/Cellar/avr-gcc@8/8.5.0_2/lib/avr-gcc/8/gcc/avr/8.5.0/avr5/libgcc.a(_exit.o)
                0x000055f4                exit
                0x000055f4                _exit
 *(.fini9)
 *(.fini8)
 *(.fini8)
 *(.fini7)
 *(.fini7)
 *(.fini6)
 *(.fini6)
 *(.fini5)
 *(.fini5)
 *(.fini4)
 *(.fini4)
 *(.fini3)
 *(.fini3)
 *(.fini2)
 *(.fini2)
 *(.fini1)
 *(.fini1)
 *(.fini0)
 .fini0         0x000055f4        0x4 /opt/homebrew/Cellar/avr-gcc@8/8.5.0_2/lib/avr-gcc/8/gcc/avr/8.5.0/avr5/libgcc.a(_exit.o)
 *(.fini0)
 *(.hightext)
 *(.hightext*)
 *(.progmemx.*)
                0x000055f8                        . = ALIGN (0x2)
 *(.jumptables)
 *(.jumptables*)
 .jumptables.gcc.USB_Device_ProcessControlRequest
                0x000055f8       0x14 /var/folders/kz/1lpp500j75q9n5x081kkyn740000gn/T//cco2qA8w.ltrans0.ltrans.o
 .jumptables.gcc.process_record
                0x0000560c       0x6a /var/folders/kz/1lpp500j75q9n5x081kkyn740000gn/T//cco2qA8w.ltrans0.ltrans.o
                0x00005676                        _etext = .

.data           0x00800100       0xae load address 0x00005676
                0x00800100                        PROVIDE (__data_start = .)
 *(.data)
 *(.data*)
 .data.__compound_literal.3
                0x00800100        0x8 /var/folders/kz/1lpp500j75q9n5x081kkyn740000gn/T//cco2qA8w.ltrans0.ltrans.o
 .data.enabled  0x00800108        0x1 /var/folders/kz/1lpp500j75q9n5x081kkyn740000gn/T//cco2qA8w.ltrans0.ltrans.o
 .data.typo_buffer
                0x00800109        0x7 /var/folders/kz/1lpp500j75q9n5x081kkyn740000gn/T//cco2qA8w.ltrans0.ltrans.o
 .data.typo_buffer_size
                0x00800110        0x1 /var/folders/kz/1lpp500j75q9n5x081kkyn740000gn/T//cco2qA8w.ltrans0.ltrans.o
 .data.achordion_state
                0x00800111        0x1 /var/folders/kz/1lpp500j75q9n5x081kkyn740000gn/T//cco2qA8w.ltrans0.ltrans.o
 .data.lufa_driver
                0x00800112        0xa /var/folders/kz/1lpp500j75q9n5x081kkyn740000gn/T//cco2qA8w.ltrans0.ltrans.o
 .data.key_combos
                0x0080011c       0x15 /var/folders/kz/1lpp500j75q9n5x081kkyn740000gn/T//cco2qA8w.ltrans0.ltrans.o
 .data.b_combo_enable
                0x00800131        0x1 /var/folders/kz/1lpp500j75q9n5x081kkyn740000gn/T//cco2qA8w.ltrans0.ltrans.o
 .data.keyboard_protocol
                0x00800132        0x1 /var/folders/kz/1lpp500j75q9n5x081kkyn740000gn/T//cco2qA8w.ltrans0.ltrans.o
 *(.gnu.linkonce.d*)
 *(.rodata)
 *(.rodata*)
 .rodata.moveR_key_override
                0x00800133        0xf /var/folders/kz/1lpp500j75q9n5x081kkyn740000gn/T//cco2qA8w.ltrans0.ltrans.o
 .rodata.moveH_key_override
                0x00800142        0xf /var/folders/kz/1lpp500j75q9n5x081kkyn740000gn/T//cco2qA8w.ltrans0.ltrans.o
 .rodata.moveL_key_override
                0x00800151        0xf /var/folders/kz/1lpp500j75q9n5x081kkyn740000gn/T//cco2qA8w.ltrans0.ltrans.o
 .rodata.CSWTCH.11
                0x00800160        0x3 /var/folders/kz/1lpp500j75q9n5x081kkyn740000gn/T//cco2qA8w.ltrans0.ltrans.o
 .rodata.CSWTCH.12
                0x00800163       0x36 /var/folders/kz/1lpp500j75q9n5x081kkyn740000gn/T//cco2qA8w.ltrans0.ltrans.o
 .rodata.row_pins
                0x00800199        0x5 /var/folders/kz/1lpp500j75q9n5x081kkyn740000gn/T//cco2qA8w.ltrans0.ltrans.o
 .rodata.col_pins
                0x0080019e        0xf /var/folders/kz/1lpp500j75q9n5x081kkyn740000gn/T//cco2qA8w.ltrans0.ltrans.o
 *(.gnu.linkonce.r*)
                0x008001ae                        . = ALIGN (0x2)
 *fill*         0x008001ad        0x1 
                0x008001ae                        _edata = .
                0x008001ae                        PROVIDE (__data_end = .)

.bss            0x008001ae      0x1f1
                0x008001ae                        PROVIDE (__bss_start = .)
 *(.bss)
 .bss           0x008001ae        0x2 .build/obj_qwertykeys_qk65_hotswap_cvan20191/platforms/avr/xprintf.o
                0x008001ae                xfunc_out
 *(.bss*)
 .bss.__compound_literal.0
                0x008001b0        0x8 /var/folders/kz/1lpp500j75q9n5x081kkyn740000gn/T//cco2qA8w.ltrans0.ltrans.o
 .bss.__compound_literal.1
                0x008001b8       0x20 /var/folders/kz/1lpp500j75q9n5x081kkyn740000gn/T//cco2qA8w.ltrans0.ltrans.o
 .bss.registered_repeat_count.3518
                0x008001d8        0x1 /var/folders/kz/1lpp500j75q9n5x081kkyn740000gn/T//cco2qA8w.ltrans0.ltrans.o
 .bss.registered_record.3517
                0x008001d9        0x9 /var/folders/kz/1lpp500j75q9n5x081kkyn740000gn/T//cco2qA8w.ltrans0.ltrans.o
 .bss.last_mods
                0x008001e2        0x1 /var/folders/kz/1lpp500j75q9n5x081kkyn740000gn/T//cco2qA8w.ltrans0.ltrans.o
 .bss.last_record
                0x008001e3        0x9 /var/folders/kz/1lpp500j75q9n5x081kkyn740000gn/T//cco2qA8w.ltrans0.ltrans.o
 .bss.registered_repeat_count.3552
                0x008001ec        0x1 /var/folders/kz/1lpp500j75q9n5x081kkyn740000gn/T//cco2qA8w.ltrans0.ltrans.o
 .bss.registered_record.3551
                0x008001ed        0x9 /var/folders/kz/1lpp500j75q9n5x081kkyn740000gn/T//cco2qA8w.ltrans0.ltrans.o
 .bss.processing_repeat_count
                0x008001f6        0x1 /var/folders/kz/1lpp500j75q9n5x081kkyn740000gn/T//cco2qA8w.ltrans0.ltrans.o
 .bss.eager_mods
                0x008001f7        0x1 /var/folders/kz/1lpp500j75q9n5x081kkyn740000gn/T//cco2qA8w.ltrans0.ltrans.o
 .bss.tap_hold_record
                0x008001f8        0x9 /var/folders/kz/1lpp500j75q9n5x081kkyn740000gn/T//cco2qA8w.ltrans0.ltrans.o
 .bss.tap_hold_keycode
                0x00800201        0x2 /var/folders/kz/1lpp500j75q9n5x081kkyn740000gn/T//cco2qA8w.ltrans0.ltrans.o
 .bss.pressed_another_key_before_release
                0x00800203        0x1 /var/folders/kz/1lpp500j75q9n5x081kkyn740000gn/T//cco2qA8w.ltrans0.ltrans.o
 .bss.registered_keycode.5167
                0x00800204        0x2 /var/folders/kz/1lpp500j75q9n5x081kkyn740000gn/T//cco2qA8w.ltrans0.ltrans.o
 .bss.held_mods
                0x00800206        0x1 /var/folders/kz/1lpp500j75q9n5x081kkyn740000gn/T//cco2qA8w.ltrans0.ltrans.o
 .bss.last_key_down
                0x00800207        0x2 /var/folders/kz/1lpp500j75q9n5x081kkyn740000gn/T//cco2qA8w.ltrans0.ltrans.o
 .bss.leader_sequence
                0x00800209        0xa /var/folders/kz/1lpp500j75q9n5x081kkyn740000gn/T//cco2qA8w.ltrans0.ltrans.o
 .bss.leader_sequence_size
                0x00800213        0x1 /var/folders/kz/1lpp500j75q9n5x081kkyn740000gn/T//cco2qA8w.ltrans0.ltrans.o
 .bss.grave_esc_was_shifted
                0x00800214        0x1 /var/folders/kz/1lpp500j75q9n5x081kkyn740000gn/T//cco2qA8w.ltrans0.ltrans.o
 .bss.oneshot_locked_mods
                0x00800215        0x1 /var/folders/kz/1lpp500j75q9n5x081kkyn740000gn/T//cco2qA8w.ltrans0.ltrans.o
 .bss.retro_tapping_counter
                0x00800216        0x2 /var/folders/kz/1lpp500j75q9n5x081kkyn740000gn/T//cco2qA8w.ltrans0.ltrans.o
 .bss.source_layers_cache
                0x00800218       0x1e /var/folders/kz/1lpp500j75q9n5x081kkyn740000gn/T//cco2qA8w.ltrans0.ltrans.o
 .bss.tapping_key
                0x00800236        0x9 /var/folders/kz/1lpp500j75q9n5x081kkyn740000gn/T//cco2qA8w.ltrans0.ltrans.o
 .bss.oneshot_layer_data
                0x0080023f        0x1 /var/folders/kz/1lpp500j75q9n5x081kkyn740000gn/T//cco2qA8w.ltrans0.ltrans.o
 .bss.last_report.4385
                0x00800240       0x20 /var/folders/kz/1lpp500j75q9n5x081kkyn740000gn/T//cco2qA8w.ltrans0.ltrans.o
 .bss.last_report.4381
                0x00800260        0x8 /var/folders/kz/1lpp500j75q9n5x081kkyn740000gn/T//cco2qA8w.ltrans0.ltrans.o
 .bss.real_mods
                0x00800268        0x1 /var/folders/kz/1lpp500j75q9n5x081kkyn740000gn/T//cco2qA8w.ltrans0.ltrans.o
 .bss.oneshot_mods
                0x00800269        0x1 /var/folders/kz/1lpp500j75q9n5x081kkyn740000gn/T//cco2qA8w.ltrans0.ltrans.o
 .bss.last_tick.4446
                0x0080026a        0x2 /var/folders/kz/1lpp500j75q9n5x081kkyn740000gn/T//cco2qA8w.ltrans0.ltrans.o
 .bss.debouncing_time
                0x0080026c        0x2 /var/folders/kz/1lpp500j75q9n5x081kkyn740000gn/T//cco2qA8w.ltrans0.ltrans.o
 .bss.debouncing
                0x0080026e        0x1 /var/folders/kz/1lpp500j75q9n5x081kkyn740000gn/T//cco2qA8w.ltrans0.ltrans.o
 .bss.streak_timer
                0x0080026f        0x2 /var/folders/kz/1lpp500j75q9n5x081kkyn740000gn/T//cco2qA8w.ltrans0.ltrans.o
 .bss.in_between
                0x00800271        0x1 /var/folders/kz/1lpp500j75q9n5x081kkyn740000gn/T//cco2qA8w.ltrans0.ltrans.o
 .bss.hold_timer
                0x00800272        0x2 /var/folders/kz/1lpp500j75q9n5x081kkyn740000gn/T//cco2qA8w.ltrans0.ltrans.o
 .bss.layer_lock_timer
                0x00800274        0x4 /var/folders/kz/1lpp500j75q9n5x081kkyn740000gn/T//cco2qA8w.ltrans0.ltrans.o
 .bss.locked_layers
                0x00800278        0x1 /var/folders/kz/1lpp500j75q9n5x081kkyn740000gn/T//cco2qA8w.ltrans0.ltrans.o
 .bss.raw_matrix
                0x00800279        0xa /var/folders/kz/1lpp500j75q9n5x081kkyn740000gn/T//cco2qA8w.ltrans0.ltrans.o
 .bss.default_layer_state
                0x00800283        0x1 /var/folders/kz/1lpp500j75q9n5x081kkyn740000gn/T//cco2qA8w.ltrans0.ltrans.o
 .bss.layer_state
                0x00800284        0x1 /var/folders/kz/1lpp500j75q9n5x081kkyn740000gn/T//cco2qA8w.ltrans0.ltrans.o
 .bss.matrix    0x00800285        0xa /var/folders/kz/1lpp500j75q9n5x081kkyn740000gn/T//cco2qA8w.ltrans0.ltrans.o
 .bss.debug_config
                0x0080028f        0x1 /var/folders/kz/1lpp500j75q9n5x081kkyn740000gn/T//cco2qA8w.ltrans0.ltrans.o
 .bss.matrix_previous.4453
                0x00800290        0xa /var/folders/kz/1lpp500j75q9n5x081kkyn740000gn/T//cco2qA8w.ltrans0.ltrans.o
 .bss.leader_time
                0x0080029a        0x2 /var/folders/kz/1lpp500j75q9n5x081kkyn740000gn/T//cco2qA8w.ltrans0.ltrans.o
 .bss.leading   0x0080029c        0x1 /var/folders/kz/1lpp500j75q9n5x081kkyn740000gn/T//cco2qA8w.ltrans0.ltrans.o
 .bss.idle_timer
                0x0080029d        0x2 /var/folders/kz/1lpp500j75q9n5x081kkyn740000gn/T//cco2qA8w.ltrans0.ltrans.o
 .bss.last_led_status.3655
                0x0080029f        0x1 /var/folders/kz/1lpp500j75q9n5x081kkyn740000gn/T//cco2qA8w.ltrans0.ltrans.o
 .bss.caps_word_active
                0x008002a0        0x1 /var/folders/kz/1lpp500j75q9n5x081kkyn740000gn/T//cco2qA8w.ltrans0.ltrans.o
 .bss.longest_term
                0x008002a1        0x2 /var/folders/kz/1lpp500j75q9n5x081kkyn740000gn/T//cco2qA8w.ltrans0.ltrans.o
 .bss.weak_mods
                0x008002a3        0x1 /var/folders/kz/1lpp500j75q9n5x081kkyn740000gn/T//cco2qA8w.ltrans0.ltrans.o
 .bss.key_buffer_next.4229
                0x008002a4        0x1 /var/folders/kz/1lpp500j75q9n5x081kkyn740000gn/T//cco2qA8w.ltrans0.ltrans.o
 .bss.key_buffer_size
                0x008002a5        0x1 /var/folders/kz/1lpp500j75q9n5x081kkyn740000gn/T//cco2qA8w.ltrans0.ltrans.o
 .bss.key_buffer
                0x008002a6       0x68 /var/folders/kz/1lpp500j75q9n5x081kkyn740000gn/T//cco2qA8w.ltrans0.ltrans.o
 .bss.combo_buffer
                0x0080030e        0x8 /var/folders/kz/1lpp500j75q9n5x081kkyn740000gn/T//cco2qA8w.ltrans0.ltrans.o
 .bss.combo_buffer_read
                0x00800316        0x1 /var/folders/kz/1lpp500j75q9n5x081kkyn740000gn/T//cco2qA8w.ltrans0.ltrans.o
 .bss.combo_buffer_write
                0x00800317        0x1 /var/folders/kz/1lpp500j75q9n5x081kkyn740000gn/T//cco2qA8w.ltrans0.ltrans.o
 .bss.timer     0x00800318        0x2 /var/folders/kz/1lpp500j75q9n5x081kkyn740000gn/T//cco2qA8w.ltrans0.ltrans.o
 .bss.defer_delay
                0x0080031a        0x4 /var/folders/kz/1lpp500j75q9n5x081kkyn740000gn/T//cco2qA8w.ltrans0.ltrans.o
 .bss.defer_reference_time
                0x0080031e        0x4 /var/folders/kz/1lpp500j75q9n5x081kkyn740000gn/T//cco2qA8w.ltrans0.ltrans.o
 .bss.last_key_down_time
                0x00800322        0x4 /var/folders/kz/1lpp500j75q9n5x081kkyn740000gn/T//cco2qA8w.ltrans0.ltrans.o
 .bss.suppressed_mods
                0x00800326        0x1 /var/folders/kz/1lpp500j75q9n5x081kkyn740000gn/T//cco2qA8w.ltrans0.ltrans.o
 .bss.weak_override_mods
                0x00800327        0x1 /var/folders/kz/1lpp500j75q9n5x081kkyn740000gn/T//cco2qA8w.ltrans0.ltrans.o
 .bss.active_override_trigger_is_down
                0x00800328        0x1 /var/folders/kz/1lpp500j75q9n5x081kkyn740000gn/T//cco2qA8w.ltrans0.ltrans.o
 .bss.deferred_register
                0x00800329        0x2 /var/folders/kz/1lpp500j75q9n5x081kkyn740000gn/T//cco2qA8w.ltrans0.ltrans.o
 .bss.active_override
                0x0080032b        0x2 /var/folders/kz/1lpp500j75q9n5x081kkyn740000gn/T//cco2qA8w.ltrans0.ltrans.o
 .bss.last_repeat_count
                0x0080032d        0x1 /var/folders/kz/1lpp500j75q9n5x081kkyn740000gn/T//cco2qA8w.ltrans0.ltrans.o
 .bss.sc_timer  0x0080032e        0x2 /var/folders/kz/1lpp500j75q9n5x081kkyn740000gn/T//cco2qA8w.ltrans0.ltrans.o
 .bss.sc_last   0x00800330        0x1 /var/folders/kz/1lpp500j75q9n5x081kkyn740000gn/T//cco2qA8w.ltrans0.ltrans.o
 .bss.last_system_usage
                0x00800331        0x2 /var/folders/kz/1lpp500j75q9n5x081kkyn740000gn/T//cco2qA8w.ltrans0.ltrans.o
 .bss.driver    0x00800333        0x2 /var/folders/kz/1lpp500j75q9n5x081kkyn740000gn/T//cco2qA8w.ltrans0.ltrans.o
 .bss.last_consumer_usage
                0x00800335        0x2 /var/folders/kz/1lpp500j75q9n5x081kkyn740000gn/T//cco2qA8w.ltrans0.ltrans.o
 .bss.keymap_config
                0x00800337        0x2 /var/folders/kz/1lpp500j75q9n5x081kkyn740000gn/T//cco2qA8w.ltrans0.ltrans.o
 .bss.wdt_timeout
                0x00800339        0x1 /var/folders/kz/1lpp500j75q9n5x081kkyn740000gn/T//cco2qA8w.ltrans0.ltrans.o
 .bss.timer_count
                0x0080033a        0x4 /var/folders/kz/1lpp500j75q9n5x081kkyn740000gn/T//cco2qA8w.ltrans0.ltrans.o
 .bss.USB_IsInitialized
                0x0080033e        0x1 /var/folders/kz/1lpp500j75q9n5x081kkyn740000gn/T//cco2qA8w.ltrans0.ltrans.o
 .bss.keyboard_idle
                0x0080033f        0x1 /var/folders/kz/1lpp500j75q9n5x081kkyn740000gn/T//cco2qA8w.ltrans0.ltrans.o
 .bss.keyboard_led_state
                0x00800340        0x1 /var/folders/kz/1lpp500j75q9n5x081kkyn740000gn/T//cco2qA8w.ltrans0.ltrans.o
 .bss.keyboard_report_sent
                0x00800341        0x8 /var/folders/kz/1lpp500j75q9n5x081kkyn740000gn/T//cco2qA8w.ltrans0.ltrans.o
 .bss.USB_Device_CurrentlySelfPowered
                0x00800349        0x1 /var/folders/kz/1lpp500j75q9n5x081kkyn740000gn/T//cco2qA8w.ltrans0.ltrans.o
 .bss.USB_Device_RemoteWakeupEnabled
                0x0080034a        0x1 /var/folders/kz/1lpp500j75q9n5x081kkyn740000gn/T//cco2qA8w.ltrans0.ltrans.o
 .bss.USB_DeviceState
                0x0080034b        0x1 /var/folders/kz/1lpp500j75q9n5x081kkyn740000gn/T//cco2qA8w.ltrans0.ltrans.o
 .bss.USB_Device_ConfigurationNumber
                0x0080034c        0x1 /var/folders/kz/1lpp500j75q9n5x081kkyn740000gn/T//cco2qA8w.ltrans0.ltrans.o
 .bss.USB_ControlRequest
                0x0080034d        0x8 /var/folders/kz/1lpp500j75q9n5x081kkyn740000gn/T//cco2qA8w.ltrans0.ltrans.o
 .bss.waiting_buffer_head
                0x00800355        0x1 /var/folders/kz/1lpp500j75q9n5x081kkyn740000gn/T//cco2qA8w.ltrans0.ltrans.o
 .bss.waiting_buffer
                0x00800356       0x48 /var/folders/kz/1lpp500j75q9n5x081kkyn740000gn/T//cco2qA8w.ltrans0.ltrans.o
 .bss.waiting_buffer_tail
                0x0080039e        0x1 /var/folders/kz/1lpp500j75q9n5x081kkyn740000gn/T//cco2qA8w.ltrans0.ltrans.o
 *(COMMON)
                0x0080039f                        PROVIDE (__bss_end = .)
                0x00005676                        __data_load_start = LOADADDR (.data)
                0x00005724                        __data_load_end = (__data_load_start + SIZEOF (.data))

.noinit         0x0080039f        0x4
                [!provide]                        PROVIDE (__noinit_start = .)
 *(.noinit .noinit.* .gnu.linkonce.n.*)
 .noinit        0x0080039f        0x4 /var/folders/kz/1lpp500j75q9n5x081kkyn740000gn/T//cco2qA8w.ltrans0.ltrans.o
                [!provide]                        PROVIDE (__noinit_end = .)
                0x008003a3                        _end = .
                [!provide]                        PROVIDE (__heap_start = .)
                [!provide]                        PROVIDE (__flmap_init_label = DEFINED (__flmap_noinit_start)?__flmap_noinit_start:0x0)
                [!provide]                        PROVIDE (__flmap = DEFINED (__flmap)?__flmap:0x0)

.eeprom         0x00810000        0x0
 *(.eeprom*)
                0x00810000                        __eeprom_end = .

.fuse
 *(.fuse)
 *(.lfuse)
 *(.hfuse)
 *(.efuse)

.lock
 *(.lock*)

.signature
 *(.signature*)

.stab
 *(.stab)

.stabstr
 *(.stabstr)

.stab.excl
 *(.stab.excl)

.stab.exclstr
 *(.stab.exclstr)

.stab.index
 *(.stab.index)

.stab.indexstr
 *(.stab.indexstr)

.comment        0x00000000       0x26
 *(.comment)
 .comment       0x00000000       0x26 /var/folders/kz/1lpp500j75q9n5x081kkyn740000gn/T//cco2qA8w.ltrans0.ltrans.o
                                 0x27 (size before relaxing)

.note.gnu.avr.deviceinfo
                0x00000000       0x40
 .note.gnu.avr.deviceinfo
                0x00000000       0x40 /opt/homebrew/Cellar/avr-gcc@8/8.5.0_2/lib/avr-gcc/8/gcc/avr/8.5.0/../../../../../../avr/lib/avr5/crtatmega32u4.o

.gnu.build.attributes
 *(.gnu.build.attributes .gnu.build.attributes.*)

.note.gnu.build-id
 *(.note.gnu.build-id)

.debug
 *(.debug)

.line
 *(.line)

.debug_srcinfo
 *(.debug_srcinfo)

.debug_sfnames
 *(.debug_sfnames)

.debug_aranges  0x00000000      0x3d8
 *(.debug_aranges)
 .debug_aranges
                0x00000000      0x318 /var/folders/kz/1lpp500j75q9n5x081kkyn740000gn/T//cco2qA8w.ltrans0.ltrans.o
 .debug_aranges
                0x00000318       0x20 /opt/homebrew/Cellar/avr-gcc@8/8.5.0_2/lib/avr-gcc/8/gcc/avr/8.5.0/avr5/libgcc.a(_exit.o)
 .debug_aranges
                0x00000338       0x20 /opt/homebrew/Cellar/avr-gcc@8/8.5.0_2/lib/avr-gcc/8/gcc/avr/8.5.0/avr5/libgcc.a(_tablejump2.o)
 .debug_aranges
                0x00000358       0x20 /opt/homebrew/Cellar/avr-gcc@8/8.5.0_2/lib/avr-gcc/8/gcc/avr/8.5.0/avr5/libgcc.a(_copy_data.o)
 .debug_aranges
                0x00000378       0x20 /opt/homebrew/Cellar/avr-gcc@8/8.5.0_2/lib/avr-gcc/8/gcc/avr/8.5.0/avr5/libgcc.a(_clear_bss.o)
 .debug_aranges
                0x00000398       0x20 /opt/homebrew/Cellar/avr-gcc@8/8.5.0_2/lib/avr-gcc/8/gcc/avr/8.5.0/avr5/libgcc.a(_prologue.o)
 .debug_aranges
                0x000003b8       0x20 /opt/homebrew/Cellar/avr-gcc@8/8.5.0_2/lib/avr-gcc/8/gcc/avr/8.5.0/avr5/libgcc.a(_epilogue.o)

.debug_pubnames
 *(.debug_pubnames)

.debug_info     0x00000000    0x4ee6c
 *(.debug_info .gnu.linkonce.wi.*)
 .debug_info    0x00000000      0x9f4 /opt/homebrew/Cellar/avr-gcc@8/8.5.0_2/lib/avr-gcc/8/gcc/avr/8.5.0/../../../../../../avr/lib/avr5/crtatmega32u4.o
 .debug_info    0x000009f4    0x44598 /var/folders/kz/1lpp500j75q9n5x081kkyn740000gn/T//ccD2SPNodebugobj
                0x000009f4                achordion.c.6ff585b8
                0x00003b40                custom_shift_keys.c.c96a5971
                0x00006a67                layer_lock.c.72380e0d
                0x00007692                default_keyboard.c.9e7c7184
                0x00007e57                keymap_introspection.c.227c4002
                0x0000b240                quantum.c.5663aabd
                0x0000e55c                bitwise.c.390f417e
                0x0000e725                led.c.0fc966f1
                0x0000eb03                action.c.0a6a8650
                0x000122c4                action_layer.c.6d719004
                0x00012b2e                action_tapping.c.85251af3
                0x0001557a                action_util.c.841dea33
                0x00018203                eeconfig.c.c09e8260
                0x000184d1                keyboard.c.6260b731
                0x00018f6d                keymap_common.c.23594d17
                0x0001bf34                keycode_config.c.a19777ef
                0x0001e449                sync_timer.c.86e9de10
                0x0001e4c5                debug.c.7e712866
                0x0001e6ba                sendchar.c.22de0536
                0x0001e741                matrix_common.c.5ec206c3
                0x0001eb7a                matrix.c.d5cf092e
                0x0001ee60                sym_defer_g.c.909b04da
                0x0001efe5                main.c.d1461804
                0x0001f079                printf.c.84f330c1
                0x0001f140                process_autocorrect.c.f4e4c465
                0x00021fc1                bootmagic.c.32fa62ed
                0x0002211a                process_caps_word.c.b1eaf188
                0x00024b59                caps_word.c.67a46194
                0x00024d7f                process_combo.c.cc434aa9
                0x00027c9a                process_grave_esc.c.c4611835
                0x0002a348                process_key_override.c.dc20982b
                0x0002d525                process_leader.c.84ede143
                0x0002fd92                leader.c.faa9be30
                0x00030042                process_magic.c.ba360943
                0x000326b2                process_repeat_key.c.9e70075c
                0x00035095                repeat_key.c.fbf8bb1a
                0x00037bf7                send_string.c.b08ced54
                0x0003a65d                process_space_cadet.c.7fce1310
                0x0003ccd4                host.c.96a19e8c
                0x0003d599                report.c.462b8175
                0x0003fe28                usb_device_state.c.565012f9
                0x0003ffa7                usb_util.c.d4a1193a
                0x0004002a                suspend.c.3ca773eb
                0x000400ee                synchronization_util.c.9bf0ce06
                0x0004010b                timer.c.cf2f31be
                0x000401c5                hardware_id.c.cac933c0
                0x000402b3                platform.c.94f77911
                0x00040328                suspend.c.f4d4ad54
                0x00040873                timer.c.5b307649
                0x00040a7c                dfu.c.5c1bef08
                0x00040ba6                lufa.c.4a2d7ff2
                0x00041801                usb_descriptor.c.c6a2638f
                0x0004214b                HIDParser.c.fc773c39
                0x000427c1                Device_AVR8.c.d147c7df
                0x00042928                EndpointStream_AVR8.c.a300fd08
                0x00043442                Endpoint_AVR8.c.41e4a7de
                0x00043879                Host_AVR8.c.bb56a036
                0x000438d6                PipeStream_AVR8.c.4a1a2f2a
                0x00043933                Pipe_AVR8.c.0a0eb68b
                0x00043990                USBController_AVR8.c.8fa49e1a
                0x00043cb4                USBInterrupt_AVR8.c.c689b11d
                0x00044044                ConfigDescriptors.c.069a35a0
                0x000443a5                DeviceStandardReq.c.3c87576a
                0x00044948                Events.c.9f2a2605
                0x000449ff                HostStandardReq.c.0a9dc797
                0x00044a5c                USBTask.c.7ed24522
                0x00044c53                usb_util.c.987af069
 .debug_info    0x00044f8c     0x9dfc /var/folders/kz/1lpp500j75q9n5x081kkyn740000gn/T//cco2qA8w.ltrans0.ltrans.o
 .debug_info    0x0004ed88       0x26 /opt/homebrew/Cellar/avr-gcc@8/8.5.0_2/lib/avr-gcc/8/gcc/avr/8.5.0/avr5/libgcc.a(_exit.o)
 .debug_info    0x0004edae       0x26 /opt/homebrew/Cellar/avr-gcc@8/8.5.0_2/lib/avr-gcc/8/gcc/avr/8.5.0/avr5/libgcc.a(_tablejump2.o)
 .debug_info    0x0004edd4       0x26 /opt/homebrew/Cellar/avr-gcc@8/8.5.0_2/lib/avr-gcc/8/gcc/avr/8.5.0/avr5/libgcc.a(_copy_data.o)
 .debug_info    0x0004edfa       0x26 /opt/homebrew/Cellar/avr-gcc@8/8.5.0_2/lib/avr-gcc/8/gcc/avr/8.5.0/avr5/libgcc.a(_clear_bss.o)
 .debug_info    0x0004ee20       0x26 /opt/homebrew/Cellar/avr-gcc@8/8.5.0_2/lib/avr-gcc/8/gcc/avr/8.5.0/avr5/libgcc.a(_prologue.o)
 .debug_info    0x0004ee46       0x26 /opt/homebrew/Cellar/avr-gcc@8/8.5.0_2/lib/avr-gcc/8/gcc/avr/8.5.0/avr5/libgcc.a(_epilogue.o)

.debug_abbrev   0x00000000     0x6523
 *(.debug_abbrev)
 .debug_abbrev  0x00000000      0x96a /opt/homebrew/Cellar/avr-gcc@8/8.5.0_2/lib/avr-gcc/8/gcc/avr/8.5.0/../../../../../../avr/lib/avr5/crtatmega32u4.o
 .debug_abbrev  0x0000096a     0x57ce /var/folders/kz/1lpp500j75q9n5x081kkyn740000gn/T//ccD2SPNodebugobj
 .debug_abbrev  0x00006138      0x373 /var/folders/kz/1lpp500j75q9n5x081kkyn740000gn/T//cco2qA8w.ltrans0.ltrans.o
 .debug_abbrev  0x000064ab       0x14 /opt/homebrew/Cellar/avr-gcc@8/8.5.0_2/lib/avr-gcc/8/gcc/avr/8.5.0/avr5/libgcc.a(_exit.o)
 .debug_abbrev  0x000064bf       0x14 /opt/homebrew/Cellar/avr-gcc@8/8.5.0_2/lib/avr-gcc/8/gcc/avr/8.5.0/avr5/libgcc.a(_tablejump2.o)
 .debug_abbrev  0x000064d3       0x14 /opt/homebrew/Cellar/avr-gcc@8/8.5.0_2/lib/avr-gcc/8/gcc/avr/8.5.0/avr5/libgcc.a(_copy_data.o)
 .debug_abbrev  0x000064e7       0x14 /opt/homebrew/Cellar/avr-gcc@8/8.5.0_2/lib/avr-gcc/8/gcc/avr/8.5.0/avr5/libgcc.a(_clear_bss.o)
 .debug_abbrev  0x000064fb       0x14 /opt/homebrew/Cellar/avr-gcc@8/8.5.0_2/lib/avr-gcc/8/gcc/avr/8.5.0/avr5/libgcc.a(_prologue.o)
 .debug_abbrev  0x0000650f       0x14 /opt/homebrew/Cellar/avr-gcc@8/8.5.0_2/lib/avr-gcc/8/gcc/avr/8.5.0/avr5/libgcc.a(_epilogue.o)

.debug_line     0x00000000    0x13912
 *(.debug_line .debug_line.* .debug_line_end)
 .debug_line    0x00000000       0x1d /opt/homebrew/Cellar/avr-gcc@8/8.5.0_2/lib/avr-gcc/8/gcc/avr/8.5.0/../../../../../../avr/lib/avr5/crtatmega32u4.o
 .debug_line    0x0000001d     0x5234 /var/folders/kz/1lpp500j75q9n5x081kkyn740000gn/T//ccD2SPNodebugobj
 .debug_line    0x00005251     0xe2e9 /var/folders/kz/1lpp500j75q9n5x081kkyn740000gn/T//cco2qA8w.ltrans0.ltrans.o
 .debug_line    0x0001353a       0x5e /opt/homebrew/Cellar/avr-gcc@8/8.5.0_2/lib/avr-gcc/8/gcc/avr/8.5.0/avr5/libgcc.a(_exit.o)
 .debug_line    0x00013598       0x76 /opt/homebrew/Cellar/avr-gcc@8/8.5.0_2/lib/avr-gcc/8/gcc/avr/8.5.0/avr5/libgcc.a(_tablejump2.o)
 .debug_line    0x0001360e       0x94 /opt/homebrew/Cellar/avr-gcc@8/8.5.0_2/lib/avr-gcc/8/gcc/avr/8.5.0/avr5/libgcc.a(_copy_data.o)
 .debug_line    0x000136a2       0x82 /opt/homebrew/Cellar/avr-gcc@8/8.5.0_2/lib/avr-gcc/8/gcc/avr/8.5.0/avr5/libgcc.a(_clear_bss.o)
 .debug_line    0x00013724       0xfa /opt/homebrew/Cellar/avr-gcc@8/8.5.0_2/lib/avr-gcc/8/gcc/avr/8.5.0/avr5/libgcc.a(_prologue.o)
 .debug_line    0x0001381e       0xf4 /opt/homebrew/Cellar/avr-gcc@8/8.5.0_2/lib/avr-gcc/8/gcc/avr/8.5.0/avr5/libgcc.a(_epilogue.o)

.debug_frame    0x00000000      0x914
 *(.debug_frame)
 .debug_frame   0x00000000      0x914 /var/folders/kz/1lpp500j75q9n5x081kkyn740000gn/T//cco2qA8w.ltrans0.ltrans.o

.debug_str      0x00000000     0xaf9f
 *(.debug_str)
 .debug_str     0x00000000      0x371 /opt/homebrew/Cellar/avr-gcc@8/8.5.0_2/lib/avr-gcc/8/gcc/avr/8.5.0/../../../../../../avr/lib/avr5/crtatmega32u4.o
 .debug_str     0x00000371    0x6d29f /var/folders/kz/1lpp500j75q9n5x081kkyn740000gn/T//ccD2SPNodebugobj
 .debug_str     0x00000371      0x153 /var/folders/kz/1lpp500j75q9n5x081kkyn740000gn/T//cco2qA8w.ltrans0.ltrans.o
 .debug_str     0x00000371     0xac2e /opt/homebrew/Cellar/avr-gcc@8/8.5.0_2/lib/avr-gcc/8/gcc/avr/8.5.0/avr5/libgcc.a(_exit.o)
                                 0x82 (size before relaxing)
 .debug_str     0x0000af9f       0x82 /opt/homebrew/Cellar/avr-gcc@8/8.5.0_2/lib/avr-gcc/8/gcc/avr/8.5.0/avr5/libgcc.a(_tablejump2.o)
 .debug_str     0x0000af9f       0x82 /opt/homebrew/Cellar/avr-gcc@8/8.5.0_2/lib/avr-gcc/8/gcc/avr/8.5.0/avr5/libgcc.a(_copy_data.o)
 .debug_str     0x0000af9f       0x82 /opt/homebrew/Cellar/avr-gcc@8/8.5.0_2/lib/avr-gcc/8/gcc/avr/8.5.0/avr5/libgcc.a(_clear_bss.o)
 .debug_str     0x0000af9f       0x82 /opt/homebrew/Cellar/avr-gcc@8/8.5.0_2/lib/avr-gcc/8/gcc/avr/8.5.0/avr5/libgcc.a(_prologue.o)
 .debug_str     0x0000af9f       0x82 /opt/homebrew/Cellar/avr-gcc@8/8.5.0_2/lib/avr-gcc/8/gcc/avr/8.5.0/avr5/libgcc.a(_epilogue.o)

.debug_loc      0x00000000     0x9597
 *(.debug_loc)
 .debug_loc     0x00000000     0x9597 /var/folders/kz/1lpp500j75q9n5x081kkyn740000gn/T//cco2qA8w.ltrans0.ltrans.o

.debug_macinfo
 *(.debug_macinfo)

.debug_weaknames
 *(.debug_weaknames)

.debug_funcnames
 *(.debug_funcnames)

.debug_typenames
 *(.debug_typenames)

.debug_varnames
 *(.debug_varnames)

.debug_pubtypes
 *(.debug_pubtypes)

.debug_ranges   0x00000000     0x2530
 *(.debug_ranges)
 .debug_ranges  0x00000000     0x2530 /var/folders/kz/1lpp500j75q9n5x081kkyn740000gn/T//cco2qA8w.ltrans0.ltrans.o

.debug_addr
 *(.debug_addr)

.debug_line_str
 *(.debug_line_str)

.debug_loclists
 *(.debug_loclists)

.debug_macro
 *(.debug_macro)

.debug_names
 *(.debug_names)

.debug_rnglists
 *(.debug_rnglists)

.debug_str_offsets
 *(.debug_str_offsets)

.debug_sup
 *(.debug_sup)
OUTPUT(.build/qwertykeys_qk65_hotswap_cvan20191.elf elf32-avr)
LOAD linker stubs

Cross Reference Table

Symbol                                            File
CALLBACK_HIDParser_FilterHIDReportItem            .build/obj_qwertykeys_qk65_hotswap_cvan20191/lib/lufa/LUFA/Drivers/USB/Class/Common/HIDParser.o (symbol from plugin)
CALLBACK_USB_GetDescriptor                        .build/obj_qwertykeys_qk65_hotswap_cvan20191/lufa.o (symbol from plugin)
                                                  .build/obj_qwertykeys_qk65_hotswap_cvan20191/lib/lufa/LUFA/Drivers/USB/Core/DeviceStandardReq.o (symbol from plugin)
COMDOT_combo                                      .build/obj_qwertykeys_qk65_hotswap_cvan20191/quantum/keymap_introspection.o (symbol from plugin)
ConfigDescriptors.c.069a35a0                      /var/folders/kz/1lpp500j75q9n5x081kkyn740000gn/T//ccD2SPNodebugobj
ConfigurationDescriptor                           .build/obj_qwertykeys_qk65_hotswap_cvan20191/usb_descriptor.o (symbol from plugin)
DeviceDescriptor                                  .build/obj_qwertykeys_qk65_hotswap_cvan20191/usb_descriptor.o (symbol from plugin)
DeviceStandardReq.c.3c87576a                      /var/folders/kz/1lpp500j75q9n5x081kkyn740000gn/T//ccD2SPNodebugobj
                                                  /var/folders/kz/1lpp500j75q9n5x081kkyn740000gn/T//cco2qA8w.ltrans0.ltrans.o
Device_AVR8.c.d147c7df                            /var/folders/kz/1lpp500j75q9n5x081kkyn740000gn/T//ccD2SPNodebugobj
                                                  /var/folders/kz/1lpp500j75q9n5x081kkyn740000gn/T//cco2qA8w.ltrans0.ltrans.o
EVENT_USB_Device_ConfigurationChanged             .build/obj_qwertykeys_qk65_hotswap_cvan20191/lufa.o (symbol from plugin)
                                                  .build/obj_qwertykeys_qk65_hotswap_cvan20191/lib/lufa/LUFA/Drivers/USB/Core/DeviceStandardReq.o (symbol from plugin)
EVENT_USB_Device_Connect                          .build/obj_qwertykeys_qk65_hotswap_cvan20191/lufa.o (symbol from plugin)
                                                  .build/obj_qwertykeys_qk65_hotswap_cvan20191/lib/lufa/LUFA/Drivers/USB/Core/AVR8/USBInterrupt_AVR8.o (symbol from plugin)
EVENT_USB_Device_ControlRequest                   .build/obj_qwertykeys_qk65_hotswap_cvan20191/lufa.o (symbol from plugin)
                                                  .build/obj_qwertykeys_qk65_hotswap_cvan20191/lib/lufa/LUFA/Drivers/USB/Core/DeviceStandardReq.o (symbol from plugin)
EVENT_USB_Device_Disconnect                       .build/obj_qwertykeys_qk65_hotswap_cvan20191/lufa.o (symbol from plugin)
                                                  .build/obj_qwertykeys_qk65_hotswap_cvan20191/lib/lufa/LUFA/Drivers/USB/Core/AVR8/USBInterrupt_AVR8.o (symbol from plugin)
EVENT_USB_Device_Reset                            .build/obj_qwertykeys_qk65_hotswap_cvan20191/lufa.o (symbol from plugin)
                                                  .build/obj_qwertykeys_qk65_hotswap_cvan20191/lib/lufa/LUFA/Drivers/USB/Core/AVR8/USBInterrupt_AVR8.o (symbol from plugin)
EVENT_USB_Device_StartOfFrame                     .build/obj_qwertykeys_qk65_hotswap_cvan20191/lib/lufa/LUFA/Drivers/USB/Core/Events.o (symbol from plugin)
                                                  .build/obj_qwertykeys_qk65_hotswap_cvan20191/lib/lufa/LUFA/Drivers/USB/Core/AVR8/USBInterrupt_AVR8.o (symbol from plugin)
EVENT_USB_Device_Suspend                          .build/obj_qwertykeys_qk65_hotswap_cvan20191/lufa.o (symbol from plugin)
                                                  .build/obj_qwertykeys_qk65_hotswap_cvan20191/lib/lufa/LUFA/Drivers/USB/Core/AVR8/USBInterrupt_AVR8.o (symbol from plugin)
EVENT_USB_Device_WakeUp                           .build/obj_qwertykeys_qk65_hotswap_cvan20191/lufa.o (symbol from plugin)
                                                  .build/obj_qwertykeys_qk65_hotswap_cvan20191/lib/lufa/LUFA/Drivers/USB/Core/AVR8/USBInterrupt_AVR8.o (symbol from plugin)
EndpointStream_AVR8.c.a300fd08                    /var/folders/kz/1lpp500j75q9n5x081kkyn740000gn/T//ccD2SPNodebugobj
                                                  /var/folders/kz/1lpp500j75q9n5x081kkyn740000gn/T//cco2qA8w.ltrans0.ltrans.o
Endpoint_AVR8.c.41e4a7de                          /var/folders/kz/1lpp500j75q9n5x081kkyn740000gn/T//ccD2SPNodebugobj
                                                  /var/folders/kz/1lpp500j75q9n5x081kkyn740000gn/T//cco2qA8w.ltrans0.ltrans.o
Endpoint_ClearEndpoints                           .build/obj_qwertykeys_qk65_hotswap_cvan20191/lib/lufa/LUFA/Drivers/USB/Core/AVR8/Endpoint_AVR8.o (symbol from plugin)
Endpoint_ClearStatusStage                         .build/obj_qwertykeys_qk65_hotswap_cvan20191/lib/lufa/LUFA/Drivers/USB/Core/AVR8/Endpoint_AVR8.o (symbol from plugin)
                                                  .build/obj_qwertykeys_qk65_hotswap_cvan20191/lib/lufa/LUFA/Drivers/USB/Core/DeviceStandardReq.o (symbol from plugin)
                                                  .build/obj_qwertykeys_qk65_hotswap_cvan20191/lufa.o (symbol from plugin)
Endpoint_ConfigureEndpointTable                   .build/obj_qwertykeys_qk65_hotswap_cvan20191/lib/lufa/LUFA/Drivers/USB/Core/AVR8/Endpoint_AVR8.o (symbol from plugin)
Endpoint_ConfigureEndpoint_Prv                    .build/obj_qwertykeys_qk65_hotswap_cvan20191/lib/lufa/LUFA/Drivers/USB/Core/AVR8/Endpoint_AVR8.o (symbol from plugin)
                                                  .build/obj_qwertykeys_qk65_hotswap_cvan20191/lib/lufa/LUFA/Drivers/USB/Core/AVR8/USBInterrupt_AVR8.o (symbol from plugin)
                                                  .build/obj_qwertykeys_qk65_hotswap_cvan20191/lib/lufa/LUFA/Drivers/USB/Core/AVR8/USBController_AVR8.o (symbol from plugin)
                                                  .build/obj_qwertykeys_qk65_hotswap_cvan20191/lufa.o (symbol from plugin)
Endpoint_Discard_Stream                           .build/obj_qwertykeys_qk65_hotswap_cvan20191/lib/lufa/LUFA/Drivers/USB/Core/AVR8/EndpointStream_AVR8.o (symbol from plugin)
Endpoint_Null_Stream                              .build/obj_qwertykeys_qk65_hotswap_cvan20191/lib/lufa/LUFA/Drivers/USB/Core/AVR8/EndpointStream_AVR8.o (symbol from plugin)
Endpoint_Read_Control_EStream_BE                  .build/obj_qwertykeys_qk65_hotswap_cvan20191/lib/lufa/LUFA/Drivers/USB/Core/AVR8/EndpointStream_AVR8.o (symbol from plugin)
Endpoint_Read_Control_EStream_LE                  .build/obj_qwertykeys_qk65_hotswap_cvan20191/lib/lufa/LUFA/Drivers/USB/Core/AVR8/EndpointStream_AVR8.o (symbol from plugin)
Endpoint_Read_Control_Stream_BE                   .build/obj_qwertykeys_qk65_hotswap_cvan20191/lib/lufa/LUFA/Drivers/USB/Core/AVR8/EndpointStream_AVR8.o (symbol from plugin)
Endpoint_Read_Control_Stream_LE                   .build/obj_qwertykeys_qk65_hotswap_cvan20191/lib/lufa/LUFA/Drivers/USB/Core/AVR8/EndpointStream_AVR8.o (symbol from plugin)
Endpoint_Read_EStream_BE                          .build/obj_qwertykeys_qk65_hotswap_cvan20191/lib/lufa/LUFA/Drivers/USB/Core/AVR8/EndpointStream_AVR8.o (symbol from plugin)
Endpoint_Read_EStream_LE                          .build/obj_qwertykeys_qk65_hotswap_cvan20191/lib/lufa/LUFA/Drivers/USB/Core/AVR8/EndpointStream_AVR8.o (symbol from plugin)
Endpoint_Read_Stream_BE                           .build/obj_qwertykeys_qk65_hotswap_cvan20191/lib/lufa/LUFA/Drivers/USB/Core/AVR8/EndpointStream_AVR8.o (symbol from plugin)
Endpoint_Read_Stream_LE                           .build/obj_qwertykeys_qk65_hotswap_cvan20191/lib/lufa/LUFA/Drivers/USB/Core/AVR8/EndpointStream_AVR8.o (symbol from plugin)
Endpoint_WaitUntilReady                           .build/obj_qwertykeys_qk65_hotswap_cvan20191/lib/lufa/LUFA/Drivers/USB/Core/AVR8/Endpoint_AVR8.o (symbol from plugin)
                                                  .build/obj_qwertykeys_qk65_hotswap_cvan20191/lib/lufa/LUFA/Drivers/USB/Core/AVR8/EndpointStream_AVR8.o (symbol from plugin)
Endpoint_Write_Control_EStream_BE                 .build/obj_qwertykeys_qk65_hotswap_cvan20191/lib/lufa/LUFA/Drivers/USB/Core/AVR8/EndpointStream_AVR8.o (symbol from plugin)
Endpoint_Write_Control_EStream_LE                 .build/obj_qwertykeys_qk65_hotswap_cvan20191/lib/lufa/LUFA/Drivers/USB/Core/AVR8/EndpointStream_AVR8.o (symbol from plugin)
Endpoint_Write_Control_PStream_BE                 .build/obj_qwertykeys_qk65_hotswap_cvan20191/lib/lufa/LUFA/Drivers/USB/Core/AVR8/EndpointStream_AVR8.o (symbol from plugin)
Endpoint_Write_Control_PStream_LE                 .build/obj_qwertykeys_qk65_hotswap_cvan20191/lib/lufa/LUFA/Drivers/USB/Core/AVR8/EndpointStream_AVR8.o (symbol from plugin)
                                                  .build/obj_qwertykeys_qk65_hotswap_cvan20191/lib/lufa/LUFA/Drivers/USB/Core/DeviceStandardReq.o (symbol from plugin)
Endpoint_Write_Control_Stream_BE                  .build/obj_qwertykeys_qk65_hotswap_cvan20191/lib/lufa/LUFA/Drivers/USB/Core/AVR8/EndpointStream_AVR8.o (symbol from plugin)
Endpoint_Write_Control_Stream_LE                  .build/obj_qwertykeys_qk65_hotswap_cvan20191/lib/lufa/LUFA/Drivers/USB/Core/AVR8/EndpointStream_AVR8.o (symbol from plugin)
                                                  .build/obj_qwertykeys_qk65_hotswap_cvan20191/lib/lufa/LUFA/Drivers/USB/Core/DeviceStandardReq.o (symbol from plugin)
                                                  .build/obj_qwertykeys_qk65_hotswap_cvan20191/lufa.o (symbol from plugin)
Endpoint_Write_EStream_BE                         .build/obj_qwertykeys_qk65_hotswap_cvan20191/lib/lufa/LUFA/Drivers/USB/Core/AVR8/EndpointStream_AVR8.o (symbol from plugin)
Endpoint_Write_EStream_LE                         .build/obj_qwertykeys_qk65_hotswap_cvan20191/lib/lufa/LUFA/Drivers/USB/Core/AVR8/EndpointStream_AVR8.o (symbol from plugin)
Endpoint_Write_PStream_BE                         .build/obj_qwertykeys_qk65_hotswap_cvan20191/lib/lufa/LUFA/Drivers/USB/Core/AVR8/EndpointStream_AVR8.o (symbol from plugin)
Endpoint_Write_PStream_LE                         .build/obj_qwertykeys_qk65_hotswap_cvan20191/lib/lufa/LUFA/Drivers/USB/Core/AVR8/EndpointStream_AVR8.o (symbol from plugin)
Endpoint_Write_Stream_BE                          .build/obj_qwertykeys_qk65_hotswap_cvan20191/lib/lufa/LUFA/Drivers/USB/Core/AVR8/EndpointStream_AVR8.o (symbol from plugin)
Endpoint_Write_Stream_LE                          .build/obj_qwertykeys_qk65_hotswap_cvan20191/lib/lufa/LUFA/Drivers/USB/Core/AVR8/EndpointStream_AVR8.o (symbol from plugin)
                                                  .build/obj_qwertykeys_qk65_hotswap_cvan20191/lufa.o (symbol from plugin)
Events.c.9f2a2605                                 /var/folders/kz/1lpp500j75q9n5x081kkyn740000gn/T//ccD2SPNodebugobj
                                                  /var/folders/kz/1lpp500j75q9n5x081kkyn740000gn/T//cco2qA8w.ltrans0.ltrans.o
HIDParser.c.fc773c39                              /var/folders/kz/1lpp500j75q9n5x081kkyn740000gn/T//ccD2SPNodebugobj
HostStandardReq.c.0a9dc797                        /var/folders/kz/1lpp500j75q9n5x081kkyn740000gn/T//ccD2SPNodebugobj
Host_AVR8.c.bb56a036                              /var/folders/kz/1lpp500j75q9n5x081kkyn740000gn/T//ccD2SPNodebugobj
K_combo                                           .build/obj_qwertykeys_qk65_hotswap_cvan20191/quantum/keymap_introspection.o (symbol from plugin)
KeyboardReport                                    .build/obj_qwertykeys_qk65_hotswap_cvan20191/usb_descriptor.o (symbol from plugin)
LanguageString                                    .build/obj_qwertykeys_qk65_hotswap_cvan20191/usb_descriptor.o (symbol from plugin)
MCOM_combo                                        .build/obj_qwertykeys_qk65_hotswap_cvan20191/quantum/keymap_introspection.o (symbol from plugin)
ManufacturerString                                .build/obj_qwertykeys_qk65_hotswap_cvan20191/usb_descriptor.o (symbol from plugin)
NUM_CUSTOM_SHIFT_KEYS                             .build/obj_qwertykeys_qk65_hotswap_cvan20191/quantum/keymap_introspection.o (symbol from plugin)
                                                  .build/obj_qwertykeys_qk65_hotswap_cvan20191/features/custom_shift_keys.o (symbol from plugin)
PipeStream_AVR8.c.4a1a2f2a                        /var/folders/kz/1lpp500j75q9n5x081kkyn740000gn/T//ccD2SPNodebugobj
Pipe_AVR8.c.0a0eb68b                              /var/folders/kz/1lpp500j75q9n5x081kkyn740000gn/T//ccD2SPNodebugobj
ProductString                                     .build/obj_qwertykeys_qk65_hotswap_cvan20191/usb_descriptor.o (symbol from plugin)
SharedReport                                      .build/obj_qwertykeys_qk65_hotswap_cvan20191/usb_descriptor.o (symbol from plugin)
USBController_AVR8.c.8fa49e1a                     /var/folders/kz/1lpp500j75q9n5x081kkyn740000gn/T//ccD2SPNodebugobj
                                                  /var/folders/kz/1lpp500j75q9n5x081kkyn740000gn/T//cco2qA8w.ltrans0.ltrans.o
USBInterrupt_AVR8.c.c689b11d                      /var/folders/kz/1lpp500j75q9n5x081kkyn740000gn/T//ccD2SPNodebugobj
                                                  /var/folders/kz/1lpp500j75q9n5x081kkyn740000gn/T//cco2qA8w.ltrans0.ltrans.o
USBTask.c.7ed24522                                /var/folders/kz/1lpp500j75q9n5x081kkyn740000gn/T//ccD2SPNodebugobj
                                                  /var/folders/kz/1lpp500j75q9n5x081kkyn740000gn/T//cco2qA8w.ltrans0.ltrans.o
USB_ControlRequest                                .build/obj_qwertykeys_qk65_hotswap_cvan20191/lib/lufa/LUFA/Drivers/USB/Core/USBTask.o (symbol from plugin)
                                                  .build/obj_qwertykeys_qk65_hotswap_cvan20191/lib/lufa/LUFA/Drivers/USB/Core/DeviceStandardReq.o (symbol from plugin)
                                                  .build/obj_qwertykeys_qk65_hotswap_cvan20191/lib/lufa/LUFA/Drivers/USB/Core/AVR8/Endpoint_AVR8.o (symbol from plugin)
                                                  .build/obj_qwertykeys_qk65_hotswap_cvan20191/lib/lufa/LUFA/Drivers/USB/Core/AVR8/EndpointStream_AVR8.o (symbol from plugin)
                                                  .build/obj_qwertykeys_qk65_hotswap_cvan20191/lufa.o (symbol from plugin)
USB_DeviceState                                   .build/obj_qwertykeys_qk65_hotswap_cvan20191/lib/lufa/LUFA/Drivers/USB/Core/USBTask.o (symbol from plugin)
                                                  .build/obj_qwertykeys_qk65_hotswap_cvan20191/protocol/lufa/usb_util.o (symbol from plugin)
                                                  .build/obj_qwertykeys_qk65_hotswap_cvan20191/lib/lufa/LUFA/Drivers/USB/Core/DeviceStandardReq.o (symbol from plugin)
                                                  .build/obj_qwertykeys_qk65_hotswap_cvan20191/lib/lufa/LUFA/Drivers/USB/Core/AVR8/USBInterrupt_AVR8.o (symbol from plugin)
                                                  .build/obj_qwertykeys_qk65_hotswap_cvan20191/lib/lufa/LUFA/Drivers/USB/Core/AVR8/USBController_AVR8.o (symbol from plugin)
                                                  .build/obj_qwertykeys_qk65_hotswap_cvan20191/lib/lufa/LUFA/Drivers/USB/Core/AVR8/Endpoint_AVR8.o (symbol from plugin)
                                                  .build/obj_qwertykeys_qk65_hotswap_cvan20191/lib/lufa/LUFA/Drivers/USB/Core/AVR8/EndpointStream_AVR8.o (symbol from plugin)
                                                  .build/obj_qwertykeys_qk65_hotswap_cvan20191/lufa.o (symbol from plugin)
                                                  .build/obj_qwertykeys_qk65_hotswap_cvan20191/platforms/avr/suspend.o (symbol from plugin)
USB_Device_ConfigurationNumber                    .build/obj_qwertykeys_qk65_hotswap_cvan20191/lib/lufa/LUFA/Drivers/USB/Core/DeviceStandardReq.o (symbol from plugin)
                                                  .build/obj_qwertykeys_qk65_hotswap_cvan20191/lib/lufa/LUFA/Drivers/USB/Core/AVR8/USBInterrupt_AVR8.o (symbol from plugin)
                                                  .build/obj_qwertykeys_qk65_hotswap_cvan20191/lib/lufa/LUFA/Drivers/USB/Core/AVR8/USBController_AVR8.o (symbol from plugin)
                                                  .build/obj_qwertykeys_qk65_hotswap_cvan20191/lufa.o (symbol from plugin)
USB_Device_CurrentlySelfPowered                   .build/obj_qwertykeys_qk65_hotswap_cvan20191/lib/lufa/LUFA/Drivers/USB/Core/DeviceStandardReq.o (symbol from plugin)
                                                  .build/obj_qwertykeys_qk65_hotswap_cvan20191/lib/lufa/LUFA/Drivers/USB/Core/AVR8/USBController_AVR8.o (symbol from plugin)
USB_Device_ProcessControlRequest                  .build/obj_qwertykeys_qk65_hotswap_cvan20191/lib/lufa/LUFA/Drivers/USB/Core/DeviceStandardReq.o (symbol from plugin)
                                                  .build/obj_qwertykeys_qk65_hotswap_cvan20191/lib/lufa/LUFA/Drivers/USB/Core/USBTask.o (symbol from plugin)
                                                  .build/obj_qwertykeys_qk65_hotswap_cvan20191/lib/lufa/LUFA/Drivers/USB/Core/AVR8/USBInterrupt_AVR8.o (symbol from plugin)
USB_Device_RemoteWakeupEnabled                    .build/obj_qwertykeys_qk65_hotswap_cvan20191/lib/lufa/LUFA/Drivers/USB/Core/DeviceStandardReq.o (symbol from plugin)
                                                  .build/obj_qwertykeys_qk65_hotswap_cvan20191/lib/lufa/LUFA/Drivers/USB/Core/AVR8/USBController_AVR8.o (symbol from plugin)
                                                  .build/obj_qwertykeys_qk65_hotswap_cvan20191/lufa.o (symbol from plugin)
USB_Device_SendRemoteWakeup                       .build/obj_qwertykeys_qk65_hotswap_cvan20191/lib/lufa/LUFA/Drivers/USB/Core/AVR8/Device_AVR8.o (symbol from plugin)
                                                  .build/obj_qwertykeys_qk65_hotswap_cvan20191/lufa.o (symbol from plugin)
USB_Disable                                       .build/obj_qwertykeys_qk65_hotswap_cvan20191/lib/lufa/LUFA/Drivers/USB/Core/AVR8/USBController_AVR8.o (symbol from plugin)
                                                  .build/obj_qwertykeys_qk65_hotswap_cvan20191/protocol/lufa/usb_util.o (symbol from plugin)
                                                  .build/obj_qwertykeys_qk65_hotswap_cvan20191/lufa.o (symbol from plugin)
USB_Event_Stub                                    .build/obj_qwertykeys_qk65_hotswap_cvan20191/lib/lufa/LUFA/Drivers/USB/Core/Events.o (symbol from plugin)
USB_Event_Stub_2                                  .build/obj_qwertykeys_qk65_hotswap_cvan20191/lib/lufa/LUFA/Drivers/USB/Core/Events.o (symbol from plugin)
USB_Event_Stub_3                                  .build/obj_qwertykeys_qk65_hotswap_cvan20191/lib/lufa/LUFA/Drivers/USB/Core/Events.o (symbol from plugin)
USB_GetHIDReportItemInfo                          .build/obj_qwertykeys_qk65_hotswap_cvan20191/lib/lufa/LUFA/Drivers/USB/Class/Common/HIDParser.o (symbol from plugin)
USB_GetHIDReportSize                              .build/obj_qwertykeys_qk65_hotswap_cvan20191/lib/lufa/LUFA/Drivers/USB/Class/Common/HIDParser.o (symbol from plugin)
USB_GetNextDescriptorComp                         .build/obj_qwertykeys_qk65_hotswap_cvan20191/lib/lufa/LUFA/Drivers/USB/Core/ConfigDescriptors.o (symbol from plugin)
USB_GetNextDescriptorOfType                       .build/obj_qwertykeys_qk65_hotswap_cvan20191/lib/lufa/LUFA/Drivers/USB/Core/ConfigDescriptors.o (symbol from plugin)
USB_GetNextDescriptorOfTypeAfter                  .build/obj_qwertykeys_qk65_hotswap_cvan20191/lib/lufa/LUFA/Drivers/USB/Core/ConfigDescriptors.o (symbol from plugin)
USB_GetNextDescriptorOfTypeBefore                 .build/obj_qwertykeys_qk65_hotswap_cvan20191/lib/lufa/LUFA/Drivers/USB/Core/ConfigDescriptors.o (symbol from plugin)
USB_INT_ClearAllInterrupts                        .build/obj_qwertykeys_qk65_hotswap_cvan20191/lib/lufa/LUFA/Drivers/USB/Core/AVR8/USBInterrupt_AVR8.o (symbol from plugin)
                                                  .build/obj_qwertykeys_qk65_hotswap_cvan20191/lib/lufa/LUFA/Drivers/USB/Core/AVR8/USBController_AVR8.o (symbol from plugin)
USB_INT_DisableAllInterrupts                      .build/obj_qwertykeys_qk65_hotswap_cvan20191/lib/lufa/LUFA/Drivers/USB/Core/AVR8/USBInterrupt_AVR8.o (symbol from plugin)
                                                  .build/obj_qwertykeys_qk65_hotswap_cvan20191/lib/lufa/LUFA/Drivers/USB/Core/AVR8/USBController_AVR8.o (symbol from plugin)
USB_Init                                          .build/obj_qwertykeys_qk65_hotswap_cvan20191/lib/lufa/LUFA/Drivers/USB/Core/AVR8/USBController_AVR8.o (symbol from plugin)
                                                  .build/obj_qwertykeys_qk65_hotswap_cvan20191/lufa.o (symbol from plugin)
USB_IsInitialized                                 .build/obj_qwertykeys_qk65_hotswap_cvan20191/lib/lufa/LUFA/Drivers/USB/Core/USBTask.o (symbol from plugin)
                                                  .build/obj_qwertykeys_qk65_hotswap_cvan20191/lib/lufa/LUFA/Drivers/USB/Core/AVR8/USBController_AVR8.o (symbol from plugin)
                                                  .build/obj_qwertykeys_qk65_hotswap_cvan20191/lufa.o (symbol from plugin)
USB_ProcessHIDReport                              .build/obj_qwertykeys_qk65_hotswap_cvan20191/lib/lufa/LUFA/Drivers/USB/Class/Common/HIDParser.o (symbol from plugin)
USB_ResetInterface                                .build/obj_qwertykeys_qk65_hotswap_cvan20191/lib/lufa/LUFA/Drivers/USB/Core/AVR8/USBController_AVR8.o (symbol from plugin)
USB_SetHIDReportItemInfo                          .build/obj_qwertykeys_qk65_hotswap_cvan20191/lib/lufa/LUFA/Drivers/USB/Class/Common/HIDParser.o (symbol from plugin)
USB_USBTask                                       .build/obj_qwertykeys_qk65_hotswap_cvan20191/lib/lufa/LUFA/Drivers/USB/Core/USBTask.o (symbol from plugin)
                                                  .build/obj_qwertykeys_qk65_hotswap_cvan20191/lufa.o (symbol from plugin)
__FUSE_REGION_LENGTH__                            /opt/homebrew/Cellar/avr-gcc@8/8.5.0_2/lib/avr-gcc/8/gcc/avr/8.5.0/../../../../../../avr/lib/avr5/crtatmega32u4.o
__bad_interrupt                                   /opt/homebrew/Cellar/avr-gcc@8/8.5.0_2/lib/avr-gcc/8/gcc/avr/8.5.0/../../../../../../avr/lib/avr5/crtatmega32u4.o
__bss_end                                         /opt/homebrew/Cellar/avr-gcc@8/8.5.0_2/lib/avr-gcc/8/gcc/avr/8.5.0/avr5/libgcc.a(_clear_bss.o)
__bss_start                                       /opt/homebrew/Cellar/avr-gcc@8/8.5.0_2/lib/avr-gcc/8/gcc/avr/8.5.0/avr5/libgcc.a(_clear_bss.o)
__data_end                                        /opt/homebrew/Cellar/avr-gcc@8/8.5.0_2/lib/avr-gcc/8/gcc/avr/8.5.0/avr5/libgcc.a(_copy_data.o)
__data_load_start                                 /opt/homebrew/Cellar/avr-gcc@8/8.5.0_2/lib/avr-gcc/8/gcc/avr/8.5.0/avr5/libgcc.a(_copy_data.o)
__data_start                                      /opt/homebrew/Cellar/avr-gcc@8/8.5.0_2/lib/avr-gcc/8/gcc/avr/8.5.0/avr5/libgcc.a(_copy_data.o)
__do_clear_bss                                    /opt/homebrew/Cellar/avr-gcc@8/8.5.0_2/lib/avr-gcc/8/gcc/avr/8.5.0/avr5/libgcc.a(_clear_bss.o)
                                                  /var/folders/kz/1lpp500j75q9n5x081kkyn740000gn/T//cco2qA8w.ltrans0.ltrans.o
__do_copy_data                                    /opt/homebrew/Cellar/avr-gcc@8/8.5.0_2/lib/avr-gcc/8/gcc/avr/8.5.0/avr5/libgcc.a(_copy_data.o)
                                                  /var/folders/kz/1lpp500j75q9n5x081kkyn740000gn/T//cco2qA8w.ltrans0.ltrans.o
__epilogue_restores__                             /opt/homebrew/Cellar/avr-gcc@8/8.5.0_2/lib/avr-gcc/8/gcc/avr/8.5.0/avr5/libgcc.a(_epilogue.o)
                                                  /var/folders/kz/1lpp500j75q9n5x081kkyn740000gn/T//cco2qA8w.ltrans0.ltrans.o
__heap_end                                        /opt/homebrew/Cellar/avr-gcc@8/8.5.0_2/lib/avr-gcc/8/gcc/avr/8.5.0/../../../../../../avr/lib/avr5/crtatmega32u4.o
__init                                            /opt/homebrew/Cellar/avr-gcc@8/8.5.0_2/lib/avr-gcc/8/gcc/avr/8.5.0/../../../../../../avr/lib/avr5/crtatmega32u4.o
__prologue_saves__                                /opt/homebrew/Cellar/avr-gcc@8/8.5.0_2/lib/avr-gcc/8/gcc/avr/8.5.0/avr5/libgcc.a(_prologue.o)
                                                  /var/folders/kz/1lpp500j75q9n5x081kkyn740000gn/T//cco2qA8w.ltrans0.ltrans.o
__stack                                           /opt/homebrew/Cellar/avr-gcc@8/8.5.0_2/lib/avr-gcc/8/gcc/avr/8.5.0/../../../../../../avr/lib/avr5/crtatmega32u4.o
__tablejump2__                                    /opt/homebrew/Cellar/avr-gcc@8/8.5.0_2/lib/avr-gcc/8/gcc/avr/8.5.0/avr5/libgcc.a(_tablejump2.o)
                                                  /var/folders/kz/1lpp500j75q9n5x081kkyn740000gn/T//cco2qA8w.ltrans0.ltrans.o
__vector_1                                        /opt/homebrew/Cellar/avr-gcc@8/8.5.0_2/lib/avr-gcc/8/gcc/avr/8.5.0/../../../../../../avr/lib/avr5/crtatmega32u4.o
__vector_10                                       /var/folders/kz/1lpp500j75q9n5x081kkyn740000gn/T//cco2qA8w.ltrans0.ltrans.o
                                                  .build/obj_qwertykeys_qk65_hotswap_cvan20191/lib/lufa/LUFA/Drivers/USB/Core/AVR8/USBInterrupt_AVR8.o (symbol from plugin)
                                                  /opt/homebrew/Cellar/avr-gcc@8/8.5.0_2/lib/avr-gcc/8/gcc/avr/8.5.0/../../../../../../avr/lib/avr5/crtatmega32u4.o
__vector_11                                       /var/folders/kz/1lpp500j75q9n5x081kkyn740000gn/T//cco2qA8w.ltrans0.ltrans.o
                                                  .build/obj_qwertykeys_qk65_hotswap_cvan20191/lib/lufa/LUFA/Drivers/USB/Core/AVR8/USBInterrupt_AVR8.o (symbol from plugin)
                                                  /opt/homebrew/Cellar/avr-gcc@8/8.5.0_2/lib/avr-gcc/8/gcc/avr/8.5.0/../../../../../../avr/lib/avr5/crtatmega32u4.o
__vector_12                                       /var/folders/kz/1lpp500j75q9n5x081kkyn740000gn/T//cco2qA8w.ltrans0.ltrans.o
                                                  .build/obj_qwertykeys_qk65_hotswap_cvan20191/platforms/avr/suspend.o (symbol from plugin)
                                                  /opt/homebrew/Cellar/avr-gcc@8/8.5.0_2/lib/avr-gcc/8/gcc/avr/8.5.0/../../../../../../avr/lib/avr5/crtatmega32u4.o
__vector_13                                       /opt/homebrew/Cellar/avr-gcc@8/8.5.0_2/lib/avr-gcc/8/gcc/avr/8.5.0/../../../../../../avr/lib/avr5/crtatmega32u4.o
__vector_14                                       /opt/homebrew/Cellar/avr-gcc@8/8.5.0_2/lib/avr-gcc/8/gcc/avr/8.5.0/../../../../../../avr/lib/avr5/crtatmega32u4.o
__vector_15                                       /opt/homebrew/Cellar/avr-gcc@8/8.5.0_2/lib/avr-gcc/8/gcc/avr/8.5.0/../../../../../../avr/lib/avr5/crtatmega32u4.o
__vector_16                                       /opt/homebrew/Cellar/avr-gcc@8/8.5.0_2/lib/avr-gcc/8/gcc/avr/8.5.0/../../../../../../avr/lib/avr5/crtatmega32u4.o
__vector_17                                       /opt/homebrew/Cellar/avr-gcc@8/8.5.0_2/lib/avr-gcc/8/gcc/avr/8.5.0/../../../../../../avr/lib/avr5/crtatmega32u4.o
__vector_18                                       /opt/homebrew/Cellar/avr-gcc@8/8.5.0_2/lib/avr-gcc/8/gcc/avr/8.5.0/../../../../../../avr/lib/avr5/crtatmega32u4.o
__vector_19                                       /opt/homebrew/Cellar/avr-gcc@8/8.5.0_2/lib/avr-gcc/8/gcc/avr/8.5.0/../../../../../../avr/lib/avr5/crtatmega32u4.o
__vector_2                                        /opt/homebrew/Cellar/avr-gcc@8/8.5.0_2/lib/avr-gcc/8/gcc/avr/8.5.0/../../../../../../avr/lib/avr5/crtatmega32u4.o
__vector_20                                       /opt/homebrew/Cellar/avr-gcc@8/8.5.0_2/lib/avr-gcc/8/gcc/avr/8.5.0/../../../../../../avr/lib/avr5/crtatmega32u4.o
__vector_21                                       /var/folders/kz/1lpp500j75q9n5x081kkyn740000gn/T//cco2qA8w.ltrans0.ltrans.o
                                                  .build/obj_qwertykeys_qk65_hotswap_cvan20191/platforms/avr/timer.o (symbol from plugin)
                                                  /opt/homebrew/Cellar/avr-gcc@8/8.5.0_2/lib/avr-gcc/8/gcc/avr/8.5.0/../../../../../../avr/lib/avr5/crtatmega32u4.o
__vector_22                                       /opt/homebrew/Cellar/avr-gcc@8/8.5.0_2/lib/avr-gcc/8/gcc/avr/8.5.0/../../../../../../avr/lib/avr5/crtatmega32u4.o
__vector_23                                       /opt/homebrew/Cellar/avr-gcc@8/8.5.0_2/lib/avr-gcc/8/gcc/avr/8.5.0/../../../../../../avr/lib/avr5/crtatmega32u4.o
__vector_24                                       /opt/homebrew/Cellar/avr-gcc@8/8.5.0_2/lib/avr-gcc/8/gcc/avr/8.5.0/../../../../../../avr/lib/avr5/crtatmega32u4.o
__vector_25                                       /opt/homebrew/Cellar/avr-gcc@8/8.5.0_2/lib/avr-gcc/8/gcc/avr/8.5.0/../../../../../../avr/lib/avr5/crtatmega32u4.o
__vector_26                                       /opt/homebrew/Cellar/avr-gcc@8/8.5.0_2/lib/avr-gcc/8/gcc/avr/8.5.0/../../../../../../avr/lib/avr5/crtatmega32u4.o
__vector_27                                       /opt/homebrew/Cellar/avr-gcc@8/8.5.0_2/lib/avr-gcc/8/gcc/avr/8.5.0/../../../../../../avr/lib/avr5/crtatmega32u4.o
__vector_28                                       /opt/homebrew/Cellar/avr-gcc@8/8.5.0_2/lib/avr-gcc/8/gcc/avr/8.5.0/../../../../../../avr/lib/avr5/crtatmega32u4.o
__vector_29                                       /opt/homebrew/Cellar/avr-gcc@8/8.5.0_2/lib/avr-gcc/8/gcc/avr/8.5.0/../../../../../../avr/lib/avr5/crtatmega32u4.o
__vector_3                                        /opt/homebrew/Cellar/avr-gcc@8/8.5.0_2/lib/avr-gcc/8/gcc/avr/8.5.0/../../../../../../avr/lib/avr5/crtatmega32u4.o
__vector_30                                       /opt/homebrew/Cellar/avr-gcc@8/8.5.0_2/lib/avr-gcc/8/gcc/avr/8.5.0/../../../../../../avr/lib/avr5/crtatmega32u4.o
__vector_31                                       /opt/homebrew/Cellar/avr-gcc@8/8.5.0_2/lib/avr-gcc/8/gcc/avr/8.5.0/../../../../../../avr/lib/avr5/crtatmega32u4.o
__vector_32                                       /opt/homebrew/Cellar/avr-gcc@8/8.5.0_2/lib/avr-gcc/8/gcc/avr/8.5.0/../../../../../../avr/lib/avr5/crtatmega32u4.o
__vector_33                                       /opt/homebrew/Cellar/avr-gcc@8/8.5.0_2/lib/avr-gcc/8/gcc/avr/8.5.0/../../../../../../avr/lib/avr5/crtatmega32u4.o
__vector_34                                       /opt/homebrew/Cellar/avr-gcc@8/8.5.0_2/lib/avr-gcc/8/gcc/avr/8.5.0/../../../../../../avr/lib/avr5/crtatmega32u4.o
__vector_35                                       /opt/homebrew/Cellar/avr-gcc@8/8.5.0_2/lib/avr-gcc/8/gcc/avr/8.5.0/../../../../../../avr/lib/avr5/crtatmega32u4.o
__vector_36                                       /opt/homebrew/Cellar/avr-gcc@8/8.5.0_2/lib/avr-gcc/8/gcc/avr/8.5.0/../../../../../../avr/lib/avr5/crtatmega32u4.o
__vector_37                                       /opt/homebrew/Cellar/avr-gcc@8/8.5.0_2/lib/avr-gcc/8/gcc/avr/8.5.0/../../../../../../avr/lib/avr5/crtatmega32u4.o
__vector_38                                       /opt/homebrew/Cellar/avr-gcc@8/8.5.0_2/lib/avr-gcc/8/gcc/avr/8.5.0/../../../../../../avr/lib/avr5/crtatmega32u4.o
__vector_39                                       /opt/homebrew/Cellar/avr-gcc@8/8.5.0_2/lib/avr-gcc/8/gcc/avr/8.5.0/../../../../../../avr/lib/avr5/crtatmega32u4.o
__vector_4                                        /opt/homebrew/Cellar/avr-gcc@8/8.5.0_2/lib/avr-gcc/8/gcc/avr/8.5.0/../../../../../../avr/lib/avr5/crtatmega32u4.o
__vector_40                                       /opt/homebrew/Cellar/avr-gcc@8/8.5.0_2/lib/avr-gcc/8/gcc/avr/8.5.0/../../../../../../avr/lib/avr5/crtatmega32u4.o